******************************************************************************
                  MSP430 Linker PC v18.1.1                     
******************************************************************************
>> Linked Tue Sep 19 21:09:29 2023

OUTPUT FILE NAME:   <MSP430_Toget_T2.out>
ENTRY POINT SYMBOL: "_c_int00_noargs"  address: 0000c450


MEMORY CONFIGURATION

         name            origin    length      used     unused   attr    fill
----------------------  --------  ---------  --------  --------  ----  --------
  SFR                   00000000   00000010  00000000  00000010  RWIX
  PERIPHERALS_8BIT      00000010   000000f0  00000000  000000f0  RWIX
  PERIPHERALS_16BIT     00000100   00000100  00000000  00000100  RWIX
  RAM                   00000200   00000200  00000053  000001ad  RWIX
  INFOD                 00001000   00000040  00000000  00000040  RWIX
  INFOC                 00001040   00000040  00000000  00000040  RWIX
  INFOB                 00001080   00000040  00000000  00000040  RWIX
  INFOA                 000010c0   00000040  00000000  00000040  RWIX
  FLASH                 0000c000   00003fde  0000059e  00003a40  RWIX
  BSLSIGNATURE          0000ffde   00000002  00000002  00000000  RWIX  ffff 
  INT00                 0000ffe0   00000002  00000002  00000000  RWIX
  INT01                 0000ffe2   00000002  00000000  00000002  RWIX
  INT02                 0000ffe4   00000002  00000002  00000000  RWIX
  INT03                 0000ffe6   00000002  00000002  00000000  RWIX
  INT04                 0000ffe8   00000002  00000000  00000002  RWIX
  INT05                 0000ffea   00000002  00000002  00000000  RWIX
  INT06                 0000ffec   00000002  00000002  00000000  RWIX
  INT07                 0000ffee   00000002  00000002  00000000  RWIX
  INT08                 0000fff0   00000002  00000002  00000000  RWIX
  INT09                 0000fff2   00000002  00000002  00000000  RWIX
  INT10                 0000fff4   00000002  00000002  00000000  RWIX
  INT11                 0000fff6   00000002  00000002  00000000  RWIX
  INT12                 0000fff8   00000002  00000002  00000000  RWIX
  INT13                 0000fffa   00000002  00000002  00000000  RWIX
  INT14                 0000fffc   00000002  00000002  00000000  RWIX
  RESET                 0000fffe   00000002  00000002  00000000  RWIX


SECTION ALLOCATION MAP

 output                                  attributes/
section   page    origin      length       input sections
--------  ----  ----------  ----------   ----------------
.bss       0    00000200    00000003     UNINITIALIZED
                  00000200    00000002     (.common:TXByte)
                  00000202    00000001     (.common:TXBitCnt)

.stack     0    000003b0    00000050     UNINITIALIZED
                  000003b0    00000002     rts430_eabi.lib : boot.c.obj (.stack)
                  000003b2    0000004e     --HOLE--

.text      0    0000c000    0000056c     
                  0000c000    00000116     rts430_eabi.lib : _printfi_min.c.obj (.text:_setfield)
                  0000c116    000000f0                     : _printfi_min.c.obj (.text:__TI_printfi_minimal)
                  0000c206    000000ca                     : _printfi_min.c.obj (.text:_pproc_diouxp)
                  0000c2d0    00000080     main.obj (.text:main)
                  0000c350    0000004c     rts430_eabi.lib : lsr16.asm.obj (.text)
                  0000c39c    00000042                     : autoinit.c.obj (.text:__TI_auto_init_nobinit_nopinit:__TI_auto_init_nobinit_nopinit)
                  0000c3de    0000003a     main.obj (.text:TimerA_UART_tx)
                  0000c418    00000038     rts430_eabi.lib : sprintf.c.obj (.text:sprintf)
                  0000c450    0000001c                     : boot.c.obj (.text:_c_int00_noargs)
                  0000c46c    0000001a                     : sprintf.c.obj (.text:_outs)
                  0000c486    0000001a                     : memccpy.c.obj (.text:memccpy)
                  0000c4a0    00000016                     : div16u.asm.obj (.text)
                  0000c4b6    00000014                     : copy_zero_init.c.obj (.text:decompress:ZI:__TI_zero_init_nomemset:__TI_zero_init_nomemset)
                  0000c4ca    00000014                     : memset.c.obj (.text:memset)
                  0000c4de    00000014                     : mult16.asm.obj (.text)
                  0000c4f2    00000012     main.obj (.text:TimerA_UART_init)
                  0000c504    00000012     main.obj (.text:TimerA_UART_print)
                  0000c516    00000012     rts430_eabi.lib : sprintf.c.obj (.text:_outc)
                  0000c528    00000012                     : memcpy.c.obj (.text:memcpy)
                  0000c53a    00000010                     : epilog.asm.obj (.text)
                  0000c54a    0000000e                     : strlen.c.obj (.text:strlen)
                  0000c558    00000008                     : isr_trap.asm.obj (.text:_isr:__TI_ISR_TRAP)
                  0000c560    00000006                     : exit.c.obj (.text:abort)
                  0000c566    00000004                     : pre_init.c.obj (.text:_system_pre_init)
                  0000c56a    00000002                     : startup.c.obj (.text:_system_post_cinit)

.const     0    0000c56c    00000028     
                  0000c56c    00000014     main.obj (.const:.string)
                  0000c580    00000014     rts430_eabi.lib : _printfi_min.c.obj (.const:.string)

.cinit     0    0000c594    0000000a     
                  0000c594    00000004     (.cinit..bss.load) [load image, compression = zero_init]
                  0000c598    00000002     (__TI_handler_table)
                  0000c59a    00000004     (__TI_cinit_table)

.binit     0    0000c000    00000000     

.init_array 
*          0    0000c000    00000000     UNINITIALIZED

TRAPINT    0    0000ffe0    00000002     
                  0000ffe0    00000002     rts430_eabi.lib : int00.asm.obj (.int00)

PORT1      0    0000ffe4    00000002     
                  0000ffe4    00000002     rts430_eabi.lib : int02.asm.obj (.int02)

PORT2      0    0000ffe6    00000002     
                  0000ffe6    00000002     rts430_eabi.lib : int03.asm.obj (.int03)

ADC10      0    0000ffea    00000002     
                  0000ffea    00000002     rts430_eabi.lib : int05.asm.obj (.int05)

USCIAB0TX 
*          0    0000ffec    00000002     
                  0000ffec    00000002     rts430_eabi.lib : int06.asm.obj (.int06)

USCIAB0RX 
*          0    0000ffee    00000002     
                  0000ffee    00000002     rts430_eabi.lib : int07.asm.obj (.int07)

TIMER0_A1 
*          0    0000fff0    00000002     
                  0000fff0    00000002     rts430_eabi.lib : int08.asm.obj (.int08)

TIMER0_A0 
*          0    0000fff2    00000002     
                  0000fff2    00000002     rts430_eabi.lib : int09.asm.obj (.int09)

WDT        0    0000fff4    00000002     
                  0000fff4    00000002     rts430_eabi.lib : int10.asm.obj (.int10)

COMPARATORA 
*          0    0000fff6    00000002     
                  0000fff6    00000002     rts430_eabi.lib : int11.asm.obj (.int11)

TIMER1_A1 
*          0    0000fff8    00000002     
                  0000fff8    00000002     rts430_eabi.lib : int12.asm.obj (.int12)

TIMER1_A0 
*          0    0000fffa    00000002     
                  0000fffa    00000002     rts430_eabi.lib : int13.asm.obj (.int13)

NMI        0    0000fffc    00000002     
                  0000fffc    00000002     rts430_eabi.lib : int14.asm.obj (.int14)

.reset     0    0000fffe    00000002     
                  0000fffe    00000002     rts430_eabi.lib : boot.c.obj (.reset)

$fill000   0    0000ffde    00000002     
                  0000ffde    00000002     --HOLE-- [fill = ffff]

MODULE SUMMARY

       Module                 code   ro data   rw data
       ------                 ----   -------   -------
    .\
       main.obj               222    20        3      
    +--+----------------------+------+---------+---------+
       Total:                 222    20        3      
                                                      
    D:\2023-1-des\ccs\ccsv8\tools\compiler\ti-cgt-msp430_18.1.1.LTS\lib\rts430_eabi.lib
       _printfi_min.c.obj     720    20        0      
       sprintf.c.obj          100    0         0      
       lsr16.asm.obj          76     0         0      
       autoinit.c.obj         66     0         0      
       boot.c.obj             28     2         0      
       memccpy.c.obj          26     0         0      
       div16u.asm.obj         22     0         0      
       copy_zero_init.c.obj   20     0         0      
       memset.c.obj           20     0         0      
       mult16.asm.obj         20     0         0      
       memcpy.c.obj           18     0         0      
       epilog.asm.obj         16     0         0      
       strlen.c.obj           14     0         0      
       isr_trap.asm.obj       8      0         0      
       exit.c.obj             6      0         0      
       pre_init.c.obj         4      0         0      
       int00.asm.obj          0      2         0      
       int02.asm.obj          0      2         0      
       int03.asm.obj          0      2         0      
       int05.asm.obj          0      2         0      
       int06.asm.obj          0      2         0      
       int07.asm.obj          0      2         0      
       int08.asm.obj          0      2         0      
       int09.asm.obj          0      2         0      
       int10.asm.obj          0      2         0      
       int11.asm.obj          0      2         0      
       int12.asm.obj          0      2         0      
       int13.asm.obj          0      2         0      
       int14.asm.obj          0      2         0      
       startup.c.obj          2      0         0      
    +--+----------------------+------+---------+---------+
       Total:                 1166   48        0      
                                                      
       Stack:                 0      0         80     
       Linker Generated:      0      10        0      
    +--+----------------------+------+---------+---------+
       Grand Total:           1388   78        83     


LINKER GENERATED COPY TABLES

__TI_cinit_table @ 0000c59a records: 1, size/record: 4, table size: 4
	.bss: load addr=0000c594, load size=00000004 bytes, run addr=00000200, run size=00000003 bytes, compression=zero_init


LINKER GENERATED HANDLER TABLE

__TI_handler_table @ 0000c598 records: 1, size/record: 2, table size: 2
	index: 0, handler: __TI_zero_init


GLOBAL SYMBOLS: SORTED ALPHABETICALLY BY Name 

address   name                          
-------   ----                          
0000004a  ADC10AE0                      
000001b0  ADC10CTL0                     
000001b2  ADC10CTL1                     
00000048  ADC10DTC0                     
00000049  ADC10DTC1                     
000001b4  ADC10MEM                      
000001bc  ADC10SA                       
00000057  BCSCTL1                       
00000058  BCSCTL2                       
00000053  BCSCTL3                       
0000c560  C$$EXIT                       
00000059  CACTL1                        
0000005a  CACTL2                        
000010fb  CALBC1_12MHZ                  
000010f9  CALBC1_16MHZ                  
000010ff  CALBC1_1MHZ                   
000010fd  CALBC1_8MHZ                   
000010fa  CALDCO_12MHZ                  
000010f8  CALDCO_16MHZ                  
000010fe  CALDCO_1MHZ                   
000010fc  CALDCO_8MHZ                   
0000005b  CAPD                          
00000056  DCOCTL                        
00000128  FCTL1                         
0000012a  FCTL2                         
0000012c  FCTL3                         
00000000  IE1                           
00000001  IE2                           
00000002  IFG1                          
00000003  IFG2                          
00000022  P1DIR                         
00000025  P1IE                          
00000024  P1IES                         
00000023  P1IFG                         
00000020  P1IN                          
00000021  P1OUT                         
00000027  P1REN                         
00000026  P1SEL                         
00000041  P1SEL2                        
0000002a  P2DIR                         
0000002d  P2IE                          
0000002c  P2IES                         
0000002b  P2IFG                         
00000028  P2IN                          
00000029  P2OUT                         
0000002f  P2REN                         
0000002e  P2SEL                         
00000042  P2SEL2                        
0000001a  P3DIR                         
00000018  P3IN                          
00000019  P3OUT                         
00000010  P3REN                         
0000001b  P3SEL                         
00000043  P3SEL2                        
00000172  TA0CCR0                       
00000174  TA0CCR1                       
00000176  TA0CCR2                       
00000162  TA0CCTL0                      
00000164  TA0CCTL1                      
00000166  TA0CCTL2                      
00000160  TA0CTL                        
0000012e  TA0IV                         
00000170  TA0R                          
00000192  TA1CCR0                       
00000194  TA1CCR1                       
00000196  TA1CCR2                       
00000182  TA1CCTL0                      
00000184  TA1CCTL1                      
00000186  TA1CCTL2                      
00000180  TA1CTL                        
0000011e  TA1IV                         
00000190  TA1R                          
000010db  TLV_ADC10_1_LEN               
000010da  TLV_ADC10_1_TAG               
000010c0  TLV_CHECKSUM                  
000010f7  TLV_DCO_30_LEN                
000010f6  TLV_DCO_30_TAG                
00000202  TXBitCnt                      
00000200  TXByte                        
0000c4f2  TimerA_UART_init              
0000c504  TimerA_UART_print             
0000c3de  TimerA_UART_tx                
0000005d  UCA0ABCTL                     
00000062  UCA0BR0                       
00000063  UCA0BR1                       
00000060  UCA0CTL0                      
00000061  UCA0CTL1                      
0000005f  UCA0IRRCTL                    
0000005e  UCA0IRTCTL                    
00000064  UCA0MCTL                      
00000066  UCA0RXBUF                     
00000065  UCA0STAT                      
00000067  UCA0TXBUF                     
0000006a  UCB0BR0                       
0000006b  UCB0BR1                       
00000068  UCB0CTL0                      
00000069  UCB0CTL1                      
0000006c  UCB0I2CIE                     
00000118  UCB0I2COA                     
0000011a  UCB0I2CSA                     
0000006e  UCB0RXBUF                     
0000006d  UCB0STAT                      
0000006f  UCB0TXBUF                     
00000120  WDTCTL                        
00000400  __STACK_END                   
00000050  __STACK_SIZE                  
0000c59a  __TI_CINIT_Base               
0000c59e  __TI_CINIT_Limit              
0000c598  __TI_Handler_Table_Base       
0000c59a  __TI_Handler_Table_Limit      
0000c558  __TI_ISR_TRAP                 
0000c39c  __TI_auto_init_nobinit_nopinit
0000ffe0  __TI_int00                    
0000ffe4  __TI_int02                    
0000ffe6  __TI_int03                    
0000ffea  __TI_int05                    
0000ffec  __TI_int06                    
0000ffee  __TI_int07                    
0000fff0  __TI_int08                    
0000fff2  __TI_int09                    
0000fff4  __TI_int10                    
0000fff6  __TI_int11                    
0000fff8  __TI_int12                    
0000fffa  __TI_int13                    
0000fffc  __TI_int14                    
ffffffff  __TI_pprof_out_hndl           
0000c116  __TI_printfi_minimal          
ffffffff  __TI_prof_data_size           
ffffffff  __TI_prof_data_start          
0000c4b6  __TI_zero_init_nomemset       
ffffffff  __c_args__                    
0000c4a0  __mspabi_divu                 
0000c546  __mspabi_func_epilog_1        
0000c544  __mspabi_func_epilog_2        
0000c542  __mspabi_func_epilog_3        
0000c540  __mspabi_func_epilog_4        
0000c53e  __mspabi_func_epilog_5        
0000c53c  __mspabi_func_epilog_6        
0000c53a  __mspabi_func_epilog_7        
0000c4de  __mspabi_mpyi                 
0000c4de  __mspabi_mpyi_sw              
0000c4a0  __mspabi_remu                 
0000c350  __mspabi_srli                 
0000c396  __mspabi_srli_1               
0000c372  __mspabi_srli_10              
0000c36e  __mspabi_srli_11              
0000c36a  __mspabi_srli_12              
0000c366  __mspabi_srli_13              
0000c362  __mspabi_srli_14              
0000c35e  __mspabi_srli_15              
0000c392  __mspabi_srli_2               
0000c38e  __mspabi_srli_3               
0000c38a  __mspabi_srli_4               
0000c386  __mspabi_srli_5               
0000c382  __mspabi_srli_6               
0000c37e  __mspabi_srli_7               
0000c37a  __mspabi_srli_8               
0000c376  __mspabi_srli_9               
0000c450  _c_int00_noargs               
0000fffe  _reset_vector                 
000003b0  _stack                        
0000c56a  _system_post_cinit            
0000c566  _system_pre_init              
0000c560  abort                         
0000c2d0  main                          
0000c486  memccpy                       
0000c528  memcpy                        
0000c4ca  memset                        
0000c418  sprintf                       
0000c54a  strlen                        


GLOBAL SYMBOLS: SORTED BY Symbol Address 

address   name                          
-------   ----                          
00000000  IE1                           
00000001  IE2                           
00000002  IFG1                          
00000003  IFG2                          
00000010  P3REN                         
00000018  P3IN                          
00000019  P3OUT                         
0000001a  P3DIR                         
0000001b  P3SEL                         
00000020  P1IN                          
00000021  P1OUT                         
00000022  P1DIR                         
00000023  P1IFG                         
00000024  P1IES                         
00000025  P1IE                          
00000026  P1SEL                         
00000027  P1REN                         
00000028  P2IN                          
00000029  P2OUT                         
0000002a  P2DIR                         
0000002b  P2IFG                         
0000002c  P2IES                         
0000002d  P2IE                          
0000002e  P2SEL                         
0000002f  P2REN                         
00000041  P1SEL2                        
00000042  P2SEL2                        
00000043  P3SEL2                        
00000048  ADC10DTC0                     
00000049  ADC10DTC1                     
0000004a  ADC10AE0                      
00000050  __STACK_SIZE                  
00000053  BCSCTL3                       
00000056  DCOCTL                        
00000057  BCSCTL1                       
00000058  BCSCTL2                       
00000059  CACTL1                        
0000005a  CACTL2                        
0000005b  CAPD                          
0000005d  UCA0ABCTL                     
0000005e  UCA0IRTCTL                    
0000005f  UCA0IRRCTL                    
00000060  UCA0CTL0                      
00000061  UCA0CTL1                      
00000062  UCA0BR0                       
00000063  UCA0BR1                       
00000064  UCA0MCTL                      
00000065  UCA0STAT                      
00000066  UCA0RXBUF                     
00000067  UCA0TXBUF                     
00000068  UCB0CTL0                      
00000069  UCB0CTL1                      
0000006a  UCB0BR0                       
0000006b  UCB0BR1                       
0000006c  UCB0I2CIE                     
0000006d  UCB0STAT                      
0000006e  UCB0RXBUF                     
0000006f  UCB0TXBUF                     
00000118  UCB0I2COA                     
0000011a  UCB0I2CSA                     
0000011e  TA1IV                         
00000120  WDTCTL                        
00000128  FCTL1                         
0000012a  FCTL2                         
0000012c  FCTL3                         
0000012e  TA0IV                         
00000160  TA0CTL                        
00000162  TA0CCTL0                      
00000164  TA0CCTL1                      
00000166  TA0CCTL2                      
00000170  TA0R                          
00000172  TA0CCR0                       
00000174  TA0CCR1                       
00000176  TA0CCR2                       
00000180  TA1CTL                        
00000182  TA1CCTL0                      
00000184  TA1CCTL1                      
00000186  TA1CCTL2                      
00000190  TA1R                          
00000192  TA1CCR0                       
00000194  TA1CCR1                       
00000196  TA1CCR2                       
000001b0  ADC10CTL0                     
000001b2  ADC10CTL1                     
000001b4  ADC10MEM                      
000001bc  ADC10SA                       
00000200  TXByte                        
00000202  TXBitCnt                      
000003b0  _stack                        
00000400  __STACK_END                   
000010c0  TLV_CHECKSUM                  
000010da  TLV_ADC10_1_TAG               
000010db  TLV_ADC10_1_LEN               
000010f6  TLV_DCO_30_TAG                
000010f7  TLV_DCO_30_LEN                
000010f8  CALDCO_16MHZ                  
000010f9  CALBC1_16MHZ                  
000010fa  CALDCO_12MHZ                  
000010fb  CALBC1_12MHZ                  
000010fc  CALDCO_8MHZ                   
000010fd  CALBC1_8MHZ                   
000010fe  CALDCO_1MHZ                   
000010ff  CALBC1_1MHZ                   
0000c116  __TI_printfi_minimal          
0000c2d0  main                          
0000c350  __mspabi_srli                 
0000c35e  __mspabi_srli_15              
0000c362  __mspabi_srli_14              
0000c366  __mspabi_srli_13              
0000c36a  __mspabi_srli_12              
0000c36e  __mspabi_srli_11              
0000c372  __mspabi_srli_10              
0000c376  __mspabi_srli_9               
0000c37a  __mspabi_srli_8               
0000c37e  __mspabi_srli_7               
0000c382  __mspabi_srli_6               
0000c386  __mspabi_srli_5               
0000c38a  __mspabi_srli_4               
0000c38e  __mspabi_srli_3               
0000c392  __mspabi_srli_2               
0000c396  __mspabi_srli_1               
0000c39c  __TI_auto_init_nobinit_nopinit
0000c3de  TimerA_UART_tx                
0000c418  sprintf                       
0000c450  _c_int00_noargs               
0000c486  memccpy                       
0000c4a0  __mspabi_divu                 
0000c4a0  __mspabi_remu                 
0000c4b6  __TI_zero_init_nomemset       
0000c4ca  memset                        
0000c4de  __mspabi_mpyi                 
0000c4de  __mspabi_mpyi_sw              
0000c4f2  TimerA_UART_init              
0000c504  TimerA_UART_print             
0000c528  memcpy                        
0000c53a  __mspabi_func_epilog_7        
0000c53c  __mspabi_func_epilog_6        
0000c53e  __mspabi_func_epilog_5        
0000c540  __mspabi_func_epilog_4        
0000c542  __mspabi_func_epilog_3        
0000c544  __mspabi_func_epilog_2        
0000c546  __mspabi_func_epilog_1        
0000c54a  strlen                        
0000c558  __TI_ISR_TRAP                 
0000c560  C$$EXIT                       
0000c560  abort                         
0000c566  _system_pre_init              
0000c56a  _system_post_cinit            
0000c598  __TI_Handler_Table_Base       
0000c59a  __TI_CINIT_Base               
0000c59a  __TI_Handler_Table_Limit      
0000c59e  __TI_CINIT_Limit              
0000ffe0  __TI_int00                    
0000ffe4  __TI_int02                    
0000ffe6  __TI_int03                    
0000ffea  __TI_int05                    
0000ffec  __TI_int06                    
0000ffee  __TI_int07                    
0000fff0  __TI_int08                    
0000fff2  __TI_int09                    
0000fff4  __TI_int10                    
0000fff6  __TI_int11                    
0000fff8  __TI_int12                    
0000fffa  __TI_int13                    
0000fffc  __TI_int14                    
0000fffe  _reset_vector                 
ffffffff  __TI_pprof_out_hndl           
ffffffff  __TI_prof_data_size           
ffffffff  __TI_prof_data_start          
ffffffff  __c_args__                    

[170 symbols]
