******************************************************************************
                  MSP430 Linker PC v21.6.0                     
******************************************************************************
>> Linked Mon Sep 25 21:30:40 2023

OUTPUT FILE NAME:   <MSP430_Toget_T2.out>
ENTRY POINT SYMBOL: "_c_int00_noargs"  address: 0000fafc


MEMORY CONFIGURATION

         name            origin    length      used     unused   attr    fill
----------------------  --------  ---------  --------  --------  ----  --------
  SFR                   00000000   00000010  00000000  00000010  RWIX
  PERIPHERALS_8BIT      00000010   000000f0  00000000  000000f0  RWIX
  PERIPHERALS_16BIT     00000100   00000100  00000000  00000100  RWIX
  RAM                   00000200   00000200  00000064  0000019c  RWIX
  INFOD                 00001000   00000040  00000000  00000040  RWIX
  INFOC                 00001040   00000040  00000000  00000040  RWIX
  INFOB                 00001080   00000040  00000000  00000040  RWIX
  INFOA                 000010c0   00000040  00000000  00000040  RWIX
  FLASH                 0000c000   00003fde  00003de2  000001fc  RWIX
  BSLSIGNATURE          0000ffde   00000002  00000002  00000000  RWIX  ffff 
  INT00                 0000ffe0   00000002  00000002  00000000  RWIX
  INT01                 0000ffe2   00000002  00000000  00000002  RWIX
  INT02                 0000ffe4   00000002  00000002  00000000  RWIX
  INT03                 0000ffe6   00000002  00000002  00000000  RWIX
  INT04                 0000ffe8   00000002  00000000  00000002  RWIX
  INT05                 0000ffea   00000002  00000002  00000000  RWIX
  INT06                 0000ffec   00000002  00000002  00000000  RWIX
  INT07                 0000ffee   00000002  00000002  00000000  RWIX
  INT08                 0000fff0   00000002  00000002  00000000  RWIX
  INT09                 0000fff2   00000002  00000002  00000000  RWIX
  INT10                 0000fff4   00000002  00000002  00000000  RWIX
  INT11                 0000fff6   00000002  00000002  00000000  RWIX
  INT12                 0000fff8   00000002  00000002  00000000  RWIX
  INT13                 0000fffa   00000002  00000002  00000000  RWIX
  INT14                 0000fffc   00000002  00000002  00000000  RWIX
  RESET                 0000fffe   00000002  00000002  00000000  RWIX


SECTION ALLOCATION MAP

 output                                  attributes/
section   page    origin      length       input sections
--------  ----  ----------  ----------   ----------------
.bss       0    00000200    00000012     UNINITIALIZED
                  00000200    00000010     (.common:buffer)
                  00000210    00000002     (.common:adcResult)

.data      0    00000212    00000002     UNINITIALIZED
                  00000212    00000002     rts430_eabi.lib : errno.c.obj (.data)

.stack     0    000003b0    00000050     UNINITIALIZED
                  000003b0    00000002     rts430_eabi.lib : boot.c.obj (.stack)
                  000003b2    0000004e     --HOLE--

.text      0    0000c000    00003c9c     
                  0000c000    00000736     rts430_eabi.lib : addd.c.obj (.text:__mspabi_addd)
                  0000c736    00000478                     : frcdivd.c.obj (.text:__TI_frcdivd)
                  0000cbae    00000360                     : div64u.c.obj (.text:__mspabi_divull)
                  0000cf0e    000002c0                     : mpyd.c.obj (.text:__mspabi_mpyd)
                  0000d1ce    00000288                     : _printfi.c.obj (.text:__TI_printfi:__TI_printfi)
                  0000d456    0000026e                     : _printfi.c.obj (.text:_pproc_fgea)
                  0000d6c4    00000252                     : _printfi.c.obj (.text:__TI_printfi:_setfield___TI_printfi)
                  0000d916    00000244                     : _printfi.c.obj (.text:acvt)
                  0000db5a    00000238                     : divd.c.obj (.text:__mspabi_divd)
                  0000dd92    000001ec                     : _printfi.c.obj (.text:__TI_printfi:_getarg_diouxp___TI_printfi)
                  0000df7e    000001de                     : _printfi.c.obj (.text:ecvt)
                  0000e15c    000001c4                     : _printfi.c.obj (.text:fcvt)
                  0000e320    000001a6                     : _printfi.c.obj (.text:_pconv_e)
                  0000e4c6    00000174                     : _printfi.c.obj (.text:_pconv_a)
                  0000e63a    00000172                     : frcmpyd.c.obj (.text:__TI_frcmpyd)
                  0000e7ac    0000016a                     : s_scalbn.c.obj (.text:scalbn)
                  0000e916    0000014c                     : _printfi.c.obj (.text:__TI_printfi:_pproc_diouxp___TI_printfi)
                  0000ea62    0000012e                     : _printfi.c.obj (.text:__TI_printfi:_ltostr___TI_printfi)
                  0000eb90    00000114                     : mult64.asm.obj (.text:__mpyll)
                  0000eca4    000000f8                     : _printfi.c.obj (.text:_pconv_g)
                  0000ed9c    000000e0                     : _printfi.c.obj (.text:__TI_printfi:_pproc_fwp___TI_printfi)
                  0000ee7c    000000dc                     : cmpd.c.obj (.text:__mspabi_cmpd)
                  0000ef58    000000c4                     : _printfi.c.obj (.text:__TI_printfi:_pproc_wstr___TI_printfi)
                  0000f01c    000000b0                     : s_frexp.c.obj (.text:frexp)
                  0000f0cc    000000ac                     : _printfi.c.obj (.text:__TI_printfi:_pproc_str___TI_printfi)
                  0000f178    000000ac                     : fltlid.c.obj (.text:__mspabi_fltlid)
                  0000f224    00000092                     : _printfi.c.obj (.text:_mcpy)
                  0000f2b6    0000008e                     : _printfi.c.obj (.text:_ecpy)
                  0000f344    00000084                     : _ltoa.c.obj (.text:__TI_ltoa)
                  0000f3c8    0000007c                     : copy_decompress_lzss.c.obj (.text:decompress:lzss:__TI_decompress_lzss)
                  0000f444    0000007a                     : _printfi.c.obj (.text:_pconv_f)
                  0000f4be    00000072                     : fixdli.c.obj (.text:__mspabi_fixdli)
                  0000f530    00000066     main.obj (.text:init)
                  0000f596    0000005c     rts430_eabi.lib : lsr32.asm.obj (.text:l_lsr_const)
                  0000f5f2    00000058                     : div32u.asm.obj (.text)
                  0000f64a    00000052                     : atoi.c.obj (.text:atoi)
                  0000f69c    0000004e                     : _printfi.c.obj (.text:_fcpy)
                  0000f6ea    0000004c                     : lsr16.asm.obj (.text)
                  0000f736    0000004a                     : asr64.c.obj (.text:__mspabi_srall)
                  0000f780    00000046                     : lsr64.c.obj (.text:__mspabi_srlll)
                  0000f7c6    00000044                     : lsl64.c.obj (.text:__mspabi_sllll)
                  0000f80a    00000042                     : autoinit.c.obj (.text:__TI_auto_init_nobinit_nopinit:__TI_auto_init_nobinit_nopinit)
                  0000f84c    00000040                     : div32s.asm.obj (.text)
                  0000f88c    0000003e                     : asr32.asm.obj (.text:l_asr_const)
                  0000f8ca    0000003e                     : lsl32.asm.obj (.text:l_lsl_const)
                  0000f908    00000038                     : sprintf.c.obj (.text:sprintf)
                  0000f940    0000002e                     : subd.c.obj (.text:__mspabi_subd)
                  0000f96e    0000002e                     : s_copysign.c.obj (.text:copysign)
                  0000f99c    0000002e     main.obj (.text:main)
                  0000f9ca    0000002c     rts430_eabi.lib : asr16.asm.obj (.text)
                  0000f9f6    0000002c                     : lsl16.asm.obj (.text)
                  0000fa22    0000002a                     : negd.c.obj (.text:__mspabi_negd)
                  0000fa4c    00000028                     : fixdi.c.obj (.text:__mspabi_fixdi)
                  0000fa74    00000026                     : mult32.asm.obj (.text)
                  0000fa9a    00000022                     : mult1632.asm.obj (.text:__mpyul)
                  0000fabc    00000022                     : memccpy.c.obj (.text:memccpy)
                  0000fade    0000001e                     : mult3264.asm.obj (.text:__mpyull)
                  0000fafc    0000001c                     : boot.c.obj (.text:_c_int00_noargs)
                  0000fb18    0000001a     main.obj (.text:Timer_A)
                  0000fb32    0000001a     rts430_eabi.lib : sprintf.c.obj (.text:_outs)
                  0000fb4c    0000001a                     : strchr.c.obj (.text:strchr)
                  0000fb66    00000016                     : div16u.asm.obj (.text)
                  0000fb7c    00000014                     : copy_zero_init.c.obj (.text:decompress:ZI:__TI_zero_init_nomemset:__TI_zero_init_nomemset)
                  0000fb90    00000014                     : memset.c.obj (.text:memset)
                  0000fba4    00000014                     : mult16.asm.obj (.text)
                  0000fbb8    00000014                     : wcslen.c.obj (.text:wcslen)
                  0000fbcc    00000012                     : sprintf.c.obj (.text:_outc)
                  0000fbde    00000012                     : copy_decompress_none.c.obj (.text:decompress:none:__TI_decompress_none)
                  0000fbf0    00000012                     : lsr32.asm.obj (.text:l_lsr)
                  0000fc02    00000012                     : memcpy.c.obj (.text:memcpy)
                  0000fc14    00000012     main.obj (.text:sendString)
                  0000fc26    00000010     rts430_eabi.lib : epilog.asm.obj (.text)
                  0000fc36    0000000e     main.obj (.text:ADC10_ISR)
                  0000fc44    0000000e     rts430_eabi.lib : strlen.c.obj (.text:strlen)
                  0000fc52    0000000c                     : fltid.c.obj (.text:__mspabi_fltid)
                  0000fc5e    0000000c     main.obj (.text:sendByte)
                  0000fc6a    0000000c     rts430_eabi.lib : toupper.c.obj (.text:toupper)
                  0000fc76    0000000a                     : abs.c.obj (.text:abs)
                  0000fc80    00000008                     : isr_trap.asm.obj (.text:_isr:__TI_ISR_TRAP)
                  0000fc88    00000008     main.obj (.text:startADC)
                  0000fc90    00000006     rts430_eabi.lib : exit.c.obj (.text:abort)
                  0000fc96    00000004                     : pre_init.c.obj (.text:_system_pre_init)
                  0000fc9a    00000002                     : startup.c.obj (.text:_system_post_cinit)

.const     0    0000fc9c    0000012e     
                  0000fc9c    00000101     rts430_eabi.lib : ctype.c.obj (.const:.string:_ctypes_)
                  0000fd9d    00000001     --HOLE-- [fill = 0]
                  0000fd9e    00000026                     : _printfi.c.obj (.const:.string)
                  0000fdc4    00000006     main.obj (.const:.string)

.cinit     0    0000fdca    00000018     
                  0000fdca    00000006     (.cinit..data.load) [load image]
                  0000fdd0    00000006     (__TI_handler_table)
                  0000fdd6    00000004     (.cinit..bss.load) [load image, compression = zero_init]
                  0000fdda    00000008     (__TI_cinit_table)

.binit     0    0000c000    00000000     

.init_array 
*          0    0000c000    00000000     UNINITIALIZED

TRAPINT    0    0000ffe0    00000002     
                  0000ffe0    00000002     rts430_eabi.lib : int00.asm.obj (.int00)

PORT1      0    0000ffe4    00000002     
                  0000ffe4    00000002     rts430_eabi.lib : int02.asm.obj (.int02)

PORT2      0    0000ffe6    00000002     
                  0000ffe6    00000002     rts430_eabi.lib : int03.asm.obj (.int03)

ADC10      0    0000ffea    00000002     
                  0000ffea    00000002     main.obj (.int05)

USCIAB0TX 
*          0    0000ffec    00000002     
                  0000ffec    00000002     rts430_eabi.lib : int06.asm.obj (.int06)

USCIAB0RX 
*          0    0000ffee    00000002     
                  0000ffee    00000002     rts430_eabi.lib : int07.asm.obj (.int07)

TIMER0_A1 
*          0    0000fff0    00000002     
                  0000fff0    00000002     rts430_eabi.lib : int08.asm.obj (.int08)

TIMER0_A0 
*          0    0000fff2    00000002     
                  0000fff2    00000002     main.obj (.int09)

WDT        0    0000fff4    00000002     
                  0000fff4    00000002     rts430_eabi.lib : int10.asm.obj (.int10)

COMPARATORA 
*          0    0000fff6    00000002     
                  0000fff6    00000002     rts430_eabi.lib : int11.asm.obj (.int11)

TIMER1_A1 
*          0    0000fff8    00000002     
                  0000fff8    00000002     rts430_eabi.lib : int12.asm.obj (.int12)

TIMER1_A0 
*          0    0000fffa    00000002     
                  0000fffa    00000002     rts430_eabi.lib : int13.asm.obj (.int13)

NMI        0    0000fffc    00000002     
                  0000fffc    00000002     rts430_eabi.lib : int14.asm.obj (.int14)

.reset     0    0000fffe    00000002     
                  0000fffe    00000002     rts430_eabi.lib : boot.c.obj (.reset)

$fill000   0    0000ffde    00000002     
                  0000ffde    00000002     --HOLE-- [fill = ffff]

MODULE SUMMARY

       Module                       code    ro data   rw data
       ------                       ----    -------   -------
    .\
       main.obj                     226     10        18     
    +--+----------------------------+-------+---------+---------+
       Total:                       226     10        18     
                                                             
    D:\2023-1-des\ccs\ccs\tools\compiler\ti-cgt-msp430_21.6.0.LTS\lib\rts430_eabi.lib
       _printfi.c.obj               6622    38        0      
       addd.c.obj                   1846    0         0      
       frcdivd.c.obj                1144    0         0      
       div64u.c.obj                 864     0         0      
       mpyd.c.obj                   704     0         0      
       divd.c.obj                   568     0         0      
       frcmpyd.c.obj                370     0         0      
       s_scalbn.c.obj               362     0         0      
       mult64.asm.obj               276     0         0      
       ctype.c.obj                  0       257       0      
       cmpd.c.obj                   220     0         0      
       s_frexp.c.obj                176     0         0      
       fltlid.c.obj                 172     0         0      
       _ltoa.c.obj                  132     0         0      
       copy_decompress_lzss.c.obj   124     0         0      
       fixdli.c.obj                 114     0         0      
       lsr32.asm.obj                110     0         0      
       sprintf.c.obj                100     0         0      
       div32u.asm.obj               88      0         0      
       atoi.c.obj                   82      0         0      
       lsr16.asm.obj                76      0         0      
       asr64.c.obj                  74      0         0      
       lsr64.c.obj                  70      0         0      
       lsl64.c.obj                  68      0         0      
       autoinit.c.obj               66      0         0      
       div32s.asm.obj               64      0         0      
       asr32.asm.obj                62      0         0      
       lsl32.asm.obj                62      0         0      
       s_copysign.c.obj             46      0         0      
       subd.c.obj                   46      0         0      
       asr16.asm.obj                44      0         0      
       lsl16.asm.obj                44      0         0      
       negd.c.obj                   42      0         0      
       fixdi.c.obj                  40      0         0      
       mult32.asm.obj               38      0         0      
       memccpy.c.obj                34      0         0      
       mult1632.asm.obj             34      0         0      
       boot.c.obj                   28      2         0      
       mult3264.asm.obj             30      0         0      
       strchr.c.obj                 26      0         0      
       div16u.asm.obj               22      0         0      
       copy_zero_init.c.obj         20      0         0      
       memset.c.obj                 20      0         0      
       mult16.asm.obj               20      0         0      
       wcslen.c.obj                 20      0         0      
       copy_decompress_none.c.obj   18      0         0      
       memcpy.c.obj                 18      0         0      
       epilog.asm.obj               16      0         0      
       strlen.c.obj                 14      0         0      
       fltid.c.obj                  12      0         0      
       toupper.c.obj                12      0         0      
       abs.c.obj                    10      0         0      
       isr_trap.asm.obj             8       0         0      
       exit.c.obj                   6       0         0      
       pre_init.c.obj               4       0         0      
       errno.c.obj                  0       0         2      
       int00.asm.obj                0       2         0      
       int02.asm.obj                0       2         0      
       int03.asm.obj                0       2         0      
       int06.asm.obj                0       2         0      
       int07.asm.obj                0       2         0      
       int08.asm.obj                0       2         0      
       int10.asm.obj                0       2         0      
       int11.asm.obj                0       2         0      
       int12.asm.obj                0       2         0      
       int13.asm.obj                0       2         0      
       int14.asm.obj                0       2         0      
       startup.c.obj                2       0         0      
    +--+----------------------------+-------+---------+---------+
       Total:                       15290   319       2      
                                                             
       Stack:                       0       0         80     
       Linker Generated:            0       24        0      
    +--+----------------------------+-------+---------+---------+
       Grand Total:                 15516   353       100    


LINKER GENERATED COPY TABLES

__TI_cinit_table @ 0000fdda records: 2, size/record: 4, table size: 8
	.data: load addr=0000fdca, load size=00000006 bytes, run addr=00000212, run size=00000002 bytes, compression=copy
	.bss: load addr=0000fdd6, load size=00000004 bytes, run addr=00000200, run size=00000012 bytes, compression=zero_init


LINKER GENERATED HANDLER TABLE

__TI_handler_table @ 0000fdd0 records: 3, size/record: 2, table size: 6
	index: 0, handler: __TI_zero_init
	index: 1, handler: __TI_decompress_lzss
	index: 2, handler: __TI_decompress_none


GLOBAL SYMBOLS: SORTED ALPHABETICALLY BY Name 

address   name                          
-------   ----                          
0000004a  ADC10AE0                      
000001b0  ADC10CTL0                     
000001b2  ADC10CTL1                     
00000048  ADC10DTC0                     
00000049  ADC10DTC1                     
000001b4  ADC10MEM                      
000001bc  ADC10SA                       
0000fc36  ADC10_ISR                     
00000057  BCSCTL1                       
00000058  BCSCTL2                       
00000053  BCSCTL3                       
0000fc90  C$$EXIT                       
00000059  CACTL1                        
0000005a  CACTL2                        
000010fb  CALBC1_12MHZ                  
000010f9  CALBC1_16MHZ                  
000010ff  CALBC1_1MHZ                   
000010fd  CALBC1_8MHZ                   
000010fa  CALDCO_12MHZ                  
000010f8  CALDCO_16MHZ                  
000010fe  CALDCO_1MHZ                   
000010fc  CALDCO_8MHZ                   
0000005b  CAPD                          
00000056  DCOCTL                        
00000128  FCTL1                         
0000012a  FCTL2                         
0000012c  FCTL3                         
00000000  IE1                           
00000001  IE2                           
00000002  IFG1                          
00000003  IFG2                          
00000022  P1DIR                         
00000025  P1IE                          
00000024  P1IES                         
00000023  P1IFG                         
00000020  P1IN                          
00000021  P1OUT                         
00000027  P1REN                         
00000026  P1SEL                         
00000041  P1SEL2                        
0000002a  P2DIR                         
0000002d  P2IE                          
0000002c  P2IES                         
0000002b  P2IFG                         
00000028  P2IN                          
00000029  P2OUT                         
0000002f  P2REN                         
0000002e  P2SEL                         
00000042  P2SEL2                        
0000001a  P3DIR                         
00000018  P3IN                          
00000019  P3OUT                         
00000010  P3REN                         
0000001b  P3SEL                         
00000043  P3SEL2                        
00000172  TA0CCR0                       
00000174  TA0CCR1                       
00000176  TA0CCR2                       
00000162  TA0CCTL0                      
00000164  TA0CCTL1                      
00000166  TA0CCTL2                      
00000160  TA0CTL                        
0000012e  TA0IV                         
00000170  TA0R                          
00000192  TA1CCR0                       
00000194  TA1CCR1                       
00000196  TA1CCR2                       
00000182  TA1CCTL0                      
00000184  TA1CCTL1                      
00000186  TA1CCTL2                      
00000180  TA1CTL                        
0000011e  TA1IV                         
00000190  TA1R                          
000010db  TLV_ADC10_1_LEN               
000010da  TLV_ADC10_1_TAG               
000010c0  TLV_CHECKSUM                  
000010f7  TLV_DCO_30_LEN                
000010f6  TLV_DCO_30_TAG                
0000fb18  Timer_A                       
0000005d  UCA0ABCTL                     
00000062  UCA0BR0                       
00000063  UCA0BR1                       
00000060  UCA0CTL0                      
00000061  UCA0CTL1                      
0000005f  UCA0IRRCTL                    
0000005e  UCA0IRTCTL                    
00000064  UCA0MCTL                      
00000066  UCA0RXBUF                     
00000065  UCA0STAT                      
00000067  UCA0TXBUF                     
0000006a  UCB0BR0                       
0000006b  UCB0BR1                       
00000068  UCB0CTL0                      
00000069  UCB0CTL1                      
0000006c  UCB0I2CIE                     
00000118  UCB0I2COA                     
0000011a  UCB0I2CSA                     
0000006e  UCB0RXBUF                     
0000006d  UCB0STAT                      
0000006f  UCB0TXBUF                     
00000120  WDTCTL                        
00000400  __STACK_END                   
00000050  __STACK_SIZE                  
0000fdda  __TI_CINIT_Base               
0000fde2  __TI_CINIT_Limit              
0000fde2  __TI_CINIT_Warm               
0000fdd0  __TI_Handler_Table_Base       
0000fdd6  __TI_Handler_Table_Limit      
0000fc80  __TI_ISR_TRAP                 
0000f80a  __TI_auto_init_nobinit_nopinit
0000f3c8  __TI_decompress_lzss          
0000fbde  __TI_decompress_none          
0000c736  __TI_frcdivd                  
0000e63a  __TI_frcmpyd                  
0000ffe0  __TI_int00                    
0000ffe4  __TI_int02                    
0000ffe6  __TI_int03                    
0000ffea  __TI_int05                    
0000ffec  __TI_int06                    
0000ffee  __TI_int07                    
0000fff0  __TI_int08                    
0000fff2  __TI_int09                    
0000fff4  __TI_int10                    
0000fff6  __TI_int11                    
0000fff8  __TI_int12                    
0000fffa  __TI_int13                    
0000fffc  __TI_int14                    
0000f344  __TI_ltoa                     
ffffffff  __TI_pprof_out_hndl           
0000d1ce  __TI_printfi                  
ffffffff  __TI_prof_data_size           
ffffffff  __TI_prof_data_start          
0000fb7c  __TI_zero_init_nomemset       
ffffffff  __c_args__                    
0000c000  __mspabi_addd                 
0000ee7c  __mspabi_cmpd                 
0000db5a  __mspabi_divd                 
0000f84c  __mspabi_divli                
0000fb66  __mspabi_divu                 
0000f5f2  __mspabi_divul                
0000cbae  __mspabi_divull               
0000fa4c  __mspabi_fixdi                
0000f4be  __mspabi_fixdli               
0000fc52  __mspabi_fltid                
0000f178  __mspabi_fltlid               
0000fc32  __mspabi_func_epilog_1        
0000fc30  __mspabi_func_epilog_2        
0000fc2e  __mspabi_func_epilog_3        
0000fc2c  __mspabi_func_epilog_4        
0000fc2a  __mspabi_func_epilog_5        
0000fc28  __mspabi_func_epilog_6        
0000fc26  __mspabi_func_epilog_7        
0000cf0e  __mspabi_mpyd                 
0000fba4  __mspabi_mpyi                 
0000fba4  __mspabi_mpyi_sw              
0000fa74  __mspabi_mpyl                 
0000fa74  __mspabi_mpyl_sw              
0000eb90  __mspabi_mpyll                
0000eb90  __mspabi_mpyll_sw             
0000fa9a  __mspabi_mpyul                
0000fa9a  __mspabi_mpyul_sw             
0000fade  __mspabi_mpyull               
0000fade  __mspabi_mpyull_sw            
0000fa22  __mspabi_negd                 
0000f84c  __mspabi_remli                
0000fb66  __mspabi_remu                 
0000f5f2  __mspabi_remul                
0000f9f6  __mspabi_slli                 
0000fa1e  __mspabi_slli_1               
0000fa0c  __mspabi_slli_10              
0000fa0a  __mspabi_slli_11              
0000fa08  __mspabi_slli_12              
0000fa06  __mspabi_slli_13              
0000fa04  __mspabi_slli_14              
0000fa02  __mspabi_slli_15              
0000fa1c  __mspabi_slli_2               
0000fa1a  __mspabi_slli_3               
0000fa18  __mspabi_slli_4               
0000fa16  __mspabi_slli_5               
0000fa14  __mspabi_slli_6               
0000fa12  __mspabi_slli_7               
0000fa10  __mspabi_slli_8               
0000fa0e  __mspabi_slli_9               
0000f902  __mspabi_slll_1               
0000f8de  __mspabi_slll_10              
0000f8da  __mspabi_slll_11              
0000f8d6  __mspabi_slll_12              
0000f8d2  __mspabi_slll_13              
0000f8ce  __mspabi_slll_14              
0000f8ca  __mspabi_slll_15              
0000f8fe  __mspabi_slll_2               
0000f8fa  __mspabi_slll_3               
0000f8f6  __mspabi_slll_4               
0000f8f2  __mspabi_slll_5               
0000f8ee  __mspabi_slll_6               
0000f8ea  __mspabi_slll_7               
0000f8e6  __mspabi_slll_8               
0000f8e2  __mspabi_slll_9               
0000f7c6  __mspabi_sllll                
0000f9ca  __mspabi_srai                 
0000f9f2  __mspabi_srai_1               
0000f9e0  __mspabi_srai_10              
0000f9de  __mspabi_srai_11              
0000f9dc  __mspabi_srai_12              
0000f9da  __mspabi_srai_13              
0000f9d8  __mspabi_srai_14              
0000f9d6  __mspabi_srai_15              
0000f9f0  __mspabi_srai_2               
0000f9ee  __mspabi_srai_3               
0000f9ec  __mspabi_srai_4               
0000f9ea  __mspabi_srai_5               
0000f9e8  __mspabi_srai_6               
0000f9e6  __mspabi_srai_7               
0000f9e4  __mspabi_srai_8               
0000f9e2  __mspabi_srai_9               
0000f8c4  __mspabi_sral_1               
0000f8a0  __mspabi_sral_10              
0000f89c  __mspabi_sral_11              
0000f898  __mspabi_sral_12              
0000f894  __mspabi_sral_13              
0000f890  __mspabi_sral_14              
0000f88c  __mspabi_sral_15              
0000f8c0  __mspabi_sral_2               
0000f8bc  __mspabi_sral_3               
0000f8b8  __mspabi_sral_4               
0000f8b4  __mspabi_sral_5               
0000f8b0  __mspabi_sral_6               
0000f8ac  __mspabi_sral_7               
0000f8a8  __mspabi_sral_8               
0000f8a4  __mspabi_sral_9               
0000f736  __mspabi_srall                
0000f6ea  __mspabi_srli                 
0000f730  __mspabi_srli_1               
0000f70c  __mspabi_srli_10              
0000f708  __mspabi_srli_11              
0000f704  __mspabi_srli_12              
0000f700  __mspabi_srli_13              
0000f6fc  __mspabi_srli_14              
0000f6f8  __mspabi_srli_15              
0000f72c  __mspabi_srli_2               
0000f728  __mspabi_srli_3               
0000f724  __mspabi_srli_4               
0000f720  __mspabi_srli_5               
0000f71c  __mspabi_srli_6               
0000f718  __mspabi_srli_7               
0000f714  __mspabi_srli_8               
0000f710  __mspabi_srli_9               
0000fbf0  __mspabi_srll                 
0000f5ea  __mspabi_srll_1               
0000f5b4  __mspabi_srll_10              
0000f5ae  __mspabi_srll_11              
0000f5a8  __mspabi_srll_12              
0000f5a2  __mspabi_srll_13              
0000f59c  __mspabi_srll_14              
0000f596  __mspabi_srll_15              
0000f5e4  __mspabi_srll_2               
0000f5de  __mspabi_srll_3               
0000f5d8  __mspabi_srll_4               
0000f5d2  __mspabi_srll_5               
0000f5cc  __mspabi_srll_6               
0000f5c6  __mspabi_srll_7               
0000f5c0  __mspabi_srll_8               
0000f5ba  __mspabi_srll_9               
0000f780  __mspabi_srlll                
0000f940  __mspabi_subd                 
0000fafc  _c_int00_noargs               
0000fc9c  _ctypes_                      
0000fffe  _reset_vector                 
000003b0  _stack                        
0000fc9a  _system_post_cinit            
0000fc96  _system_pre_init              
0000fc90  abort                         
0000fc76  abs                           
00000210  adcResult                     
0000f64a  atoi                          
00000200  buffer                        
0000f96e  copysign                      
0000f96e  copysignl                     
00000212  errno                         
0000f01c  frexp                         
0000f01c  frexpl                        
0000f530  init                          
0000e7ac  ldexp                         
0000e7ac  ldexpl                        
0000f99c  main                          
0000fabc  memccpy                       
0000fc02  memcpy                        
0000fb90  memset                        
0000e7ac  scalbn                        
0000e7ac  scalbnl                       
0000fc5e  sendByte                      
0000fc14  sendString                    
0000f908  sprintf                       
0000fc88  startADC                      
0000fb4c  strchr                        
0000fc44  strlen                        
0000fc6a  toupper                       
0000fbb8  wcslen                        


GLOBAL SYMBOLS: SORTED BY Symbol Address 

address   name                          
-------   ----                          
00000000  IE1                           
00000001  IE2                           
00000002  IFG1                          
00000003  IFG2                          
00000010  P3REN                         
00000018  P3IN                          
00000019  P3OUT                         
0000001a  P3DIR                         
0000001b  P3SEL                         
00000020  P1IN                          
00000021  P1OUT                         
00000022  P1DIR                         
00000023  P1IFG                         
00000024  P1IES                         
00000025  P1IE                          
00000026  P1SEL                         
00000027  P1REN                         
00000028  P2IN                          
00000029  P2OUT                         
0000002a  P2DIR                         
0000002b  P2IFG                         
0000002c  P2IES                         
0000002d  P2IE                          
0000002e  P2SEL                         
0000002f  P2REN                         
00000041  P1SEL2                        
00000042  P2SEL2                        
00000043  P3SEL2                        
00000048  ADC10DTC0                     
00000049  ADC10DTC1                     
0000004a  ADC10AE0                      
00000050  __STACK_SIZE                  
00000053  BCSCTL3                       
00000056  DCOCTL                        
00000057  BCSCTL1                       
00000058  BCSCTL2                       
00000059  CACTL1                        
0000005a  CACTL2                        
0000005b  CAPD                          
0000005d  UCA0ABCTL                     
0000005e  UCA0IRTCTL                    
0000005f  UCA0IRRCTL                    
00000060  UCA0CTL0                      
00000061  UCA0CTL1                      
00000062  UCA0BR0                       
00000063  UCA0BR1                       
00000064  UCA0MCTL                      
00000065  UCA0STAT                      
00000066  UCA0RXBUF                     
00000067  UCA0TXBUF                     
00000068  UCB0CTL0                      
00000069  UCB0CTL1                      
0000006a  UCB0BR0                       
0000006b  UCB0BR1                       
0000006c  UCB0I2CIE                     
0000006d  UCB0STAT                      
0000006e  UCB0RXBUF                     
0000006f  UCB0TXBUF                     
00000118  UCB0I2COA                     
0000011a  UCB0I2CSA                     
0000011e  TA1IV                         
00000120  WDTCTL                        
00000128  FCTL1                         
0000012a  FCTL2                         
0000012c  FCTL3                         
0000012e  TA0IV                         
00000160  TA0CTL                        
00000162  TA0CCTL0                      
00000164  TA0CCTL1                      
00000166  TA0CCTL2                      
00000170  TA0R                          
00000172  TA0CCR0                       
00000174  TA0CCR1                       
00000176  TA0CCR2                       
00000180  TA1CTL                        
00000182  TA1CCTL0                      
00000184  TA1CCTL1                      
00000186  TA1CCTL2                      
00000190  TA1R                          
00000192  TA1CCR0                       
00000194  TA1CCR1                       
00000196  TA1CCR2                       
000001b0  ADC10CTL0                     
000001b2  ADC10CTL1                     
000001b4  ADC10MEM                      
000001bc  ADC10SA                       
00000200  buffer                        
00000210  adcResult                     
00000212  errno                         
000003b0  _stack                        
00000400  __STACK_END                   
000010c0  TLV_CHECKSUM                  
000010da  TLV_ADC10_1_TAG               
000010db  TLV_ADC10_1_LEN               
000010f6  TLV_DCO_30_TAG                
000010f7  TLV_DCO_30_LEN                
000010f8  CALDCO_16MHZ                  
000010f9  CALBC1_16MHZ                  
000010fa  CALDCO_12MHZ                  
000010fb  CALBC1_12MHZ                  
000010fc  CALDCO_8MHZ                   
000010fd  CALBC1_8MHZ                   
000010fe  CALDCO_1MHZ                   
000010ff  CALBC1_1MHZ                   
0000c000  __mspabi_addd                 
0000c736  __TI_frcdivd                  
0000cbae  __mspabi_divull               
0000cf0e  __mspabi_mpyd                 
0000d1ce  __TI_printfi                  
0000db5a  __mspabi_divd                 
0000e63a  __TI_frcmpyd                  
0000e7ac  ldexp                         
0000e7ac  ldexpl                        
0000e7ac  scalbn                        
0000e7ac  scalbnl                       
0000eb90  __mspabi_mpyll                
0000eb90  __mspabi_mpyll_sw             
0000ee7c  __mspabi_cmpd                 
0000f01c  frexp                         
0000f01c  frexpl                        
0000f178  __mspabi_fltlid               
0000f344  __TI_ltoa                     
0000f3c8  __TI_decompress_lzss          
0000f4be  __mspabi_fixdli               
0000f530  init                          
0000f596  __mspabi_srll_15              
0000f59c  __mspabi_srll_14              
0000f5a2  __mspabi_srll_13              
0000f5a8  __mspabi_srll_12              
0000f5ae  __mspabi_srll_11              
0000f5b4  __mspabi_srll_10              
0000f5ba  __mspabi_srll_9               
0000f5c0  __mspabi_srll_8               
0000f5c6  __mspabi_srll_7               
0000f5cc  __mspabi_srll_6               
0000f5d2  __mspabi_srll_5               
0000f5d8  __mspabi_srll_4               
0000f5de  __mspabi_srll_3               
0000f5e4  __mspabi_srll_2               
0000f5ea  __mspabi_srll_1               
0000f5f2  __mspabi_divul                
0000f5f2  __mspabi_remul                
0000f64a  atoi                          
0000f6ea  __mspabi_srli                 
0000f6f8  __mspabi_srli_15              
0000f6fc  __mspabi_srli_14              
0000f700  __mspabi_srli_13              
0000f704  __mspabi_srli_12              
0000f708  __mspabi_srli_11              
0000f70c  __mspabi_srli_10              
0000f710  __mspabi_srli_9               
0000f714  __mspabi_srli_8               
0000f718  __mspabi_srli_7               
0000f71c  __mspabi_srli_6               
0000f720  __mspabi_srli_5               
0000f724  __mspabi_srli_4               
0000f728  __mspabi_srli_3               
0000f72c  __mspabi_srli_2               
0000f730  __mspabi_srli_1               
0000f736  __mspabi_srall                
0000f780  __mspabi_srlll                
0000f7c6  __mspabi_sllll                
0000f80a  __TI_auto_init_nobinit_nopinit
0000f84c  __mspabi_divli                
0000f84c  __mspabi_remli                
0000f88c  __mspabi_sral_15              
0000f890  __mspabi_sral_14              
0000f894  __mspabi_sral_13              
0000f898  __mspabi_sral_12              
0000f89c  __mspabi_sral_11              
0000f8a0  __mspabi_sral_10              
0000f8a4  __mspabi_sral_9               
0000f8a8  __mspabi_sral_8               
0000f8ac  __mspabi_sral_7               
0000f8b0  __mspabi_sral_6               
0000f8b4  __mspabi_sral_5               
0000f8b8  __mspabi_sral_4               
0000f8bc  __mspabi_sral_3               
0000f8c0  __mspabi_sral_2               
0000f8c4  __mspabi_sral_1               
0000f8ca  __mspabi_slll_15              
0000f8ce  __mspabi_slll_14              
0000f8d2  __mspabi_slll_13              
0000f8d6  __mspabi_slll_12              
0000f8da  __mspabi_slll_11              
0000f8de  __mspabi_slll_10              
0000f8e2  __mspabi_slll_9               
0000f8e6  __mspabi_slll_8               
0000f8ea  __mspabi_slll_7               
0000f8ee  __mspabi_slll_6               
0000f8f2  __mspabi_slll_5               
0000f8f6  __mspabi_slll_4               
0000f8fa  __mspabi_slll_3               
0000f8fe  __mspabi_slll_2               
0000f902  __mspabi_slll_1               
0000f908  sprintf                       
0000f940  __mspabi_subd                 
0000f96e  copysign                      
0000f96e  copysignl                     
0000f99c  main                          
0000f9ca  __mspabi_srai                 
0000f9d6  __mspabi_srai_15              
0000f9d8  __mspabi_srai_14              
0000f9da  __mspabi_srai_13              
0000f9dc  __mspabi_srai_12              
0000f9de  __mspabi_srai_11              
0000f9e0  __mspabi_srai_10              
0000f9e2  __mspabi_srai_9               
0000f9e4  __mspabi_srai_8               
0000f9e6  __mspabi_srai_7               
0000f9e8  __mspabi_srai_6               
0000f9ea  __mspabi_srai_5               
0000f9ec  __mspabi_srai_4               
0000f9ee  __mspabi_srai_3               
0000f9f0  __mspabi_srai_2               
0000f9f2  __mspabi_srai_1               
0000f9f6  __mspabi_slli                 
0000fa02  __mspabi_slli_15              
0000fa04  __mspabi_slli_14              
0000fa06  __mspabi_slli_13              
0000fa08  __mspabi_slli_12              
0000fa0a  __mspabi_slli_11              
0000fa0c  __mspabi_slli_10              
0000fa0e  __mspabi_slli_9               
0000fa10  __mspabi_slli_8               
0000fa12  __mspabi_slli_7               
0000fa14  __mspabi_slli_6               
0000fa16  __mspabi_slli_5               
0000fa18  __mspabi_slli_4               
0000fa1a  __mspabi_slli_3               
0000fa1c  __mspabi_slli_2               
0000fa1e  __mspabi_slli_1               
0000fa22  __mspabi_negd                 
0000fa4c  __mspabi_fixdi                
0000fa74  __mspabi_mpyl                 
0000fa74  __mspabi_mpyl_sw              
0000fa9a  __mspabi_mpyul                
0000fa9a  __mspabi_mpyul_sw             
0000fabc  memccpy                       
0000fade  __mspabi_mpyull               
0000fade  __mspabi_mpyull_sw            
0000fafc  _c_int00_noargs               
0000fb18  Timer_A                       
0000fb4c  strchr                        
0000fb66  __mspabi_divu                 
0000fb66  __mspabi_remu                 
0000fb7c  __TI_zero_init_nomemset       
0000fb90  memset                        
0000fba4  __mspabi_mpyi                 
0000fba4  __mspabi_mpyi_sw              
0000fbb8  wcslen                        
0000fbde  __TI_decompress_none          
0000fbf0  __mspabi_srll                 
0000fc02  memcpy                        
0000fc14  sendString                    
0000fc26  __mspabi_func_epilog_7        
0000fc28  __mspabi_func_epilog_6        
0000fc2a  __mspabi_func_epilog_5        
0000fc2c  __mspabi_func_epilog_4        
0000fc2e  __mspabi_func_epilog_3        
0000fc30  __mspabi_func_epilog_2        
0000fc32  __mspabi_func_epilog_1        
0000fc36  ADC10_ISR                     
0000fc44  strlen                        
0000fc52  __mspabi_fltid                
0000fc5e  sendByte                      
0000fc6a  toupper                       
0000fc76  abs                           
0000fc80  __TI_ISR_TRAP                 
0000fc88  startADC                      
0000fc90  C$$EXIT                       
0000fc90  abort                         
0000fc96  _system_pre_init              
0000fc9a  _system_post_cinit            
0000fc9c  _ctypes_                      
0000fdd0  __TI_Handler_Table_Base       
0000fdd6  __TI_Handler_Table_Limit      
0000fdda  __TI_CINIT_Base               
0000fde2  __TI_CINIT_Limit              
0000fde2  __TI_CINIT_Warm               
0000ffe0  __TI_int00                    
0000ffe4  __TI_int02                    
0000ffe6  __TI_int03                    
0000ffea  __TI_int05                    
0000ffec  __TI_int06                    
0000ffee  __TI_int07                    
0000fff0  __TI_int08                    
0000fff2  __TI_int09                    
0000fff4  __TI_int10                    
0000fff6  __TI_int11                    
0000fff8  __TI_int12                    
0000fffa  __TI_int13                    
0000fffc  __TI_int14                    
0000fffe  _reset_vector                 
ffffffff  __TI_pprof_out_hndl           
ffffffff  __TI_prof_data_size           
ffffffff  __TI_prof_data_start          
ffffffff  __c_args__                    

[298 symbols]
