<?xml version="1.0" encoding="ISO-8859-1" ?>
<link_info>
   <banner>MSP430 Linker PC v21.6.0.LTS</banner>
   <copyright>Copyright (c) 2003-2018 Texas Instruments Incorporated</copyright>
   <link_time>0x65118b80</link_time>
   <link_errors>0x0</link_errors>
   <output_file>MSP430_Toget_T2.out</output_file>
   <entry_point>
      <name>_c_int00_noargs</name>
      <address>0xfafc</address>
   </entry_point>
   <input_file_list>
      <input_file id="fl-2">
         <path>.\</path>
         <kind>object</kind>
         <file>main.obj</file>
         <name>main.obj</name>
      </input_file>
      <input_file id="fl-7">
         <kind>object</kind>
         <file>&lt;internal&gt;</file>
         <name>&lt;internal&gt;</name>
      </input_file>
      <input_file id="fl-1d">
         <path>D:\2023-1-des\ccs\ccs\tools\compiler\ti-cgt-msp430_21.6.0.LTS\lib\</path>
         <kind>archive</kind>
         <file>rts430_eabi.lib</file>
         <name>sprintf.c.obj</name>
      </input_file>
      <input_file id="fl-1e">
         <path>D:\2023-1-des\ccs\ccs\tools\compiler\ti-cgt-msp430_21.6.0.LTS\lib\</path>
         <kind>archive</kind>
         <file>rts430_eabi.lib</file>
         <name>epilog.asm.obj</name>
      </input_file>
      <input_file id="fl-1f">
         <path>D:\2023-1-des\ccs\ccs\tools\compiler\ti-cgt-msp430_21.6.0.LTS\lib\</path>
         <kind>archive</kind>
         <file>rts430_eabi.lib</file>
         <name>int00.asm.obj</name>
      </input_file>
      <input_file id="fl-20">
         <path>D:\2023-1-des\ccs\ccs\tools\compiler\ti-cgt-msp430_21.6.0.LTS\lib\</path>
         <kind>archive</kind>
         <file>rts430_eabi.lib</file>
         <name>int02.asm.obj</name>
      </input_file>
      <input_file id="fl-21">
         <path>D:\2023-1-des\ccs\ccs\tools\compiler\ti-cgt-msp430_21.6.0.LTS\lib\</path>
         <kind>archive</kind>
         <file>rts430_eabi.lib</file>
         <name>int03.asm.obj</name>
      </input_file>
      <input_file id="fl-22">
         <path>D:\2023-1-des\ccs\ccs\tools\compiler\ti-cgt-msp430_21.6.0.LTS\lib\</path>
         <kind>archive</kind>
         <file>rts430_eabi.lib</file>
         <name>int06.asm.obj</name>
      </input_file>
      <input_file id="fl-23">
         <path>D:\2023-1-des\ccs\ccs\tools\compiler\ti-cgt-msp430_21.6.0.LTS\lib\</path>
         <kind>archive</kind>
         <file>rts430_eabi.lib</file>
         <name>int07.asm.obj</name>
      </input_file>
      <input_file id="fl-24">
         <path>D:\2023-1-des\ccs\ccs\tools\compiler\ti-cgt-msp430_21.6.0.LTS\lib\</path>
         <kind>archive</kind>
         <file>rts430_eabi.lib</file>
         <name>int08.asm.obj</name>
      </input_file>
      <input_file id="fl-25">
         <path>D:\2023-1-des\ccs\ccs\tools\compiler\ti-cgt-msp430_21.6.0.LTS\lib\</path>
         <kind>archive</kind>
         <file>rts430_eabi.lib</file>
         <name>int10.asm.obj</name>
      </input_file>
      <input_file id="fl-26">
         <path>D:\2023-1-des\ccs\ccs\tools\compiler\ti-cgt-msp430_21.6.0.LTS\lib\</path>
         <kind>archive</kind>
         <file>rts430_eabi.lib</file>
         <name>int11.asm.obj</name>
      </input_file>
      <input_file id="fl-27">
         <path>D:\2023-1-des\ccs\ccs\tools\compiler\ti-cgt-msp430_21.6.0.LTS\lib\</path>
         <kind>archive</kind>
         <file>rts430_eabi.lib</file>
         <name>int12.asm.obj</name>
      </input_file>
      <input_file id="fl-28">
         <path>D:\2023-1-des\ccs\ccs\tools\compiler\ti-cgt-msp430_21.6.0.LTS\lib\</path>
         <kind>archive</kind>
         <file>rts430_eabi.lib</file>
         <name>int13.asm.obj</name>
      </input_file>
      <input_file id="fl-29">
         <path>D:\2023-1-des\ccs\ccs\tools\compiler\ti-cgt-msp430_21.6.0.LTS\lib\</path>
         <kind>archive</kind>
         <file>rts430_eabi.lib</file>
         <name>int14.asm.obj</name>
      </input_file>
      <input_file id="fl-2a">
         <path>D:\2023-1-des\ccs\ccs\tools\compiler\ti-cgt-msp430_21.6.0.LTS\lib\</path>
         <kind>archive</kind>
         <file>rts430_eabi.lib</file>
         <name>isr_trap.asm.obj</name>
      </input_file>
      <input_file id="fl-2b">
         <path>D:\2023-1-des\ccs\ccs\tools\compiler\ti-cgt-msp430_21.6.0.LTS\lib\</path>
         <kind>archive</kind>
         <file>rts430_eabi.lib</file>
         <name>boot.c.obj</name>
      </input_file>
      <input_file id="fl-2c">
         <path>D:\2023-1-des\ccs\ccs\tools\compiler\ti-cgt-msp430_21.6.0.LTS\lib\</path>
         <kind>archive</kind>
         <file>rts430_eabi.lib</file>
         <name>autoinit.c.obj</name>
      </input_file>
      <input_file id="fl-2d">
         <path>D:\2023-1-des\ccs\ccs\tools\compiler\ti-cgt-msp430_21.6.0.LTS\lib\</path>
         <kind>archive</kind>
         <file>rts430_eabi.lib</file>
         <name>copy_zero_init.c.obj</name>
      </input_file>
      <input_file id="fl-2e">
         <path>D:\2023-1-des\ccs\ccs\tools\compiler\ti-cgt-msp430_21.6.0.LTS\lib\</path>
         <kind>archive</kind>
         <file>rts430_eabi.lib</file>
         <name>cpy_tbl.c.obj</name>
      </input_file>
      <input_file id="fl-2f">
         <path>D:\2023-1-des\ccs\ccs\tools\compiler\ti-cgt-msp430_21.6.0.LTS\lib\</path>
         <kind>archive</kind>
         <file>rts430_eabi.lib</file>
         <name>mpu_init.c.obj</name>
      </input_file>
      <input_file id="fl-30">
         <path>D:\2023-1-des\ccs\ccs\tools\compiler\ti-cgt-msp430_21.6.0.LTS\lib\</path>
         <kind>archive</kind>
         <file>rts430_eabi.lib</file>
         <name>pre_init.c.obj</name>
      </input_file>
      <input_file id="fl-31">
         <path>D:\2023-1-des\ccs\ccs\tools\compiler\ti-cgt-msp430_21.6.0.LTS\lib\</path>
         <kind>archive</kind>
         <file>rts430_eabi.lib</file>
         <name>startup.c.obj</name>
      </input_file>
      <input_file id="fl-32">
         <path>D:\2023-1-des\ccs\ccs\tools\compiler\ti-cgt-msp430_21.6.0.LTS\lib\</path>
         <kind>archive</kind>
         <file>rts430_eabi.lib</file>
         <name>copy_decompress_none.c.obj</name>
      </input_file>
      <input_file id="fl-33">
         <path>D:\2023-1-des\ccs\ccs\tools\compiler\ti-cgt-msp430_21.6.0.LTS\lib\</path>
         <kind>archive</kind>
         <file>rts430_eabi.lib</file>
         <name>copy_decompress_lzss.c.obj</name>
      </input_file>
      <input_file id="fl-34">
         <path>D:\2023-1-des\ccs\ccs\tools\compiler\ti-cgt-msp430_21.6.0.LTS\lib\</path>
         <kind>archive</kind>
         <file>rts430_eabi.lib</file>
         <name>exit.c.obj</name>
      </input_file>
      <input_file id="fl-35">
         <path>D:\2023-1-des\ccs\ccs\tools\compiler\ti-cgt-msp430_21.6.0.LTS\lib\</path>
         <kind>archive</kind>
         <file>rts430_eabi.lib</file>
         <name>_lock.c.obj</name>
      </input_file>
      <input_file id="fl-36">
         <path>D:\2023-1-des\ccs\ccs\tools\compiler\ti-cgt-msp430_21.6.0.LTS\lib\</path>
         <kind>archive</kind>
         <file>rts430_eabi.lib</file>
         <name>args_main.c.obj</name>
      </input_file>
      <input_file id="fl-37">
         <path>D:\2023-1-des\ccs\ccs\tools\compiler\ti-cgt-msp430_21.6.0.LTS\lib\</path>
         <kind>archive</kind>
         <file>rts430_eabi.lib</file>
         <name>memcpy.c.obj</name>
      </input_file>
      <input_file id="fl-38">
         <path>D:\2023-1-des\ccs\ccs\tools\compiler\ti-cgt-msp430_21.6.0.LTS\lib\</path>
         <kind>archive</kind>
         <file>rts430_eabi.lib</file>
         <name>_printfi.c.obj</name>
      </input_file>
      <input_file id="fl-39">
         <path>D:\2023-1-des\ccs\ccs\tools\compiler\ti-cgt-msp430_21.6.0.LTS\lib\</path>
         <kind>archive</kind>
         <file>rts430_eabi.lib</file>
         <name>div16u.asm.obj</name>
      </input_file>
      <input_file id="fl-3a">
         <path>D:\2023-1-des\ccs\ccs\tools\compiler\ti-cgt-msp430_21.6.0.LTS\lib\</path>
         <kind>archive</kind>
         <file>rts430_eabi.lib</file>
         <name>div32u.asm.obj</name>
      </input_file>
      <input_file id="fl-3b">
         <path>D:\2023-1-des\ccs\ccs\tools\compiler\ti-cgt-msp430_21.6.0.LTS\lib\</path>
         <kind>archive</kind>
         <file>rts430_eabi.lib</file>
         <name>lsl16.asm.obj</name>
      </input_file>
      <input_file id="fl-3c">
         <path>D:\2023-1-des\ccs\ccs\tools\compiler\ti-cgt-msp430_21.6.0.LTS\lib\</path>
         <kind>archive</kind>
         <file>rts430_eabi.lib</file>
         <name>lsr16.asm.obj</name>
      </input_file>
      <input_file id="fl-3d">
         <path>D:\2023-1-des\ccs\ccs\tools\compiler\ti-cgt-msp430_21.6.0.LTS\lib\</path>
         <kind>archive</kind>
         <file>rts430_eabi.lib</file>
         <name>mult16.asm.obj</name>
      </input_file>
      <input_file id="fl-3e">
         <path>D:\2023-1-des\ccs\ccs\tools\compiler\ti-cgt-msp430_21.6.0.LTS\lib\</path>
         <kind>archive</kind>
         <file>rts430_eabi.lib</file>
         <name>exit_gvars.c.obj</name>
      </input_file>
      <input_file id="fl-3f">
         <path>D:\2023-1-des\ccs\ccs\tools\compiler\ti-cgt-msp430_21.6.0.LTS\lib\</path>
         <kind>archive</kind>
         <file>rts430_eabi.lib</file>
         <name>lsr64.c.obj</name>
      </input_file>
      <input_file id="fl-40">
         <path>D:\2023-1-des\ccs\ccs\tools\compiler\ti-cgt-msp430_21.6.0.LTS\lib\</path>
         <kind>archive</kind>
         <file>rts430_eabi.lib</file>
         <name>div64u.c.obj</name>
      </input_file>
      <input_file id="fl-41">
         <path>D:\2023-1-des\ccs\ccs\tools\compiler\ti-cgt-msp430_21.6.0.LTS\lib\</path>
         <kind>archive</kind>
         <file>rts430_eabi.lib</file>
         <name>cmpd.c.obj</name>
      </input_file>
      <input_file id="fl-42">
         <path>D:\2023-1-des\ccs\ccs\tools\compiler\ti-cgt-msp430_21.6.0.LTS\lib\</path>
         <kind>archive</kind>
         <file>rts430_eabi.lib</file>
         <name>divd.c.obj</name>
      </input_file>
      <input_file id="fl-43">
         <path>D:\2023-1-des\ccs\ccs\tools\compiler\ti-cgt-msp430_21.6.0.LTS\lib\</path>
         <kind>archive</kind>
         <file>rts430_eabi.lib</file>
         <name>fixdi.c.obj</name>
      </input_file>
      <input_file id="fl-44">
         <path>D:\2023-1-des\ccs\ccs\tools\compiler\ti-cgt-msp430_21.6.0.LTS\lib\</path>
         <kind>archive</kind>
         <file>rts430_eabi.lib</file>
         <name>fixdli.c.obj</name>
      </input_file>
      <input_file id="fl-45">
         <path>D:\2023-1-des\ccs\ccs\tools\compiler\ti-cgt-msp430_21.6.0.LTS\lib\</path>
         <kind>archive</kind>
         <file>rts430_eabi.lib</file>
         <name>fltid.c.obj</name>
      </input_file>
      <input_file id="fl-46">
         <path>D:\2023-1-des\ccs\ccs\tools\compiler\ti-cgt-msp430_21.6.0.LTS\lib\</path>
         <kind>archive</kind>
         <file>rts430_eabi.lib</file>
         <name>fltlid.c.obj</name>
      </input_file>
      <input_file id="fl-47">
         <path>D:\2023-1-des\ccs\ccs\tools\compiler\ti-cgt-msp430_21.6.0.LTS\lib\</path>
         <kind>archive</kind>
         <file>rts430_eabi.lib</file>
         <name>frcdivd.c.obj</name>
      </input_file>
      <input_file id="fl-48">
         <path>D:\2023-1-des\ccs\ccs\tools\compiler\ti-cgt-msp430_21.6.0.LTS\lib\</path>
         <kind>archive</kind>
         <file>rts430_eabi.lib</file>
         <name>mpyd.c.obj</name>
      </input_file>
      <input_file id="fl-49">
         <path>D:\2023-1-des\ccs\ccs\tools\compiler\ti-cgt-msp430_21.6.0.LTS\lib\</path>
         <kind>archive</kind>
         <file>rts430_eabi.lib</file>
         <name>negd.c.obj</name>
      </input_file>
      <input_file id="fl-4a">
         <path>D:\2023-1-des\ccs\ccs\tools\compiler\ti-cgt-msp430_21.6.0.LTS\lib\</path>
         <kind>archive</kind>
         <file>rts430_eabi.lib</file>
         <name>subd.c.obj</name>
      </input_file>
      <input_file id="fl-4b">
         <path>D:\2023-1-des\ccs\ccs\tools\compiler\ti-cgt-msp430_21.6.0.LTS\lib\</path>
         <kind>archive</kind>
         <file>rts430_eabi.lib</file>
         <name>_ltoa.c.obj</name>
      </input_file>
      <input_file id="fl-4c">
         <path>D:\2023-1-des\ccs\ccs\tools\compiler\ti-cgt-msp430_21.6.0.LTS\lib\</path>
         <kind>archive</kind>
         <file>rts430_eabi.lib</file>
         <name>atoi.c.obj</name>
      </input_file>
      <input_file id="fl-4d">
         <path>D:\2023-1-des\ccs\ccs\tools\compiler\ti-cgt-msp430_21.6.0.LTS\lib\</path>
         <kind>archive</kind>
         <file>rts430_eabi.lib</file>
         <name>ctype.c.obj</name>
      </input_file>
      <input_file id="fl-4e">
         <path>D:\2023-1-des\ccs\ccs\tools\compiler\ti-cgt-msp430_21.6.0.LTS\lib\</path>
         <kind>archive</kind>
         <file>rts430_eabi.lib</file>
         <name>memccpy.c.obj</name>
      </input_file>
      <input_file id="fl-4f">
         <path>D:\2023-1-des\ccs\ccs\tools\compiler\ti-cgt-msp430_21.6.0.LTS\lib\</path>
         <kind>archive</kind>
         <file>rts430_eabi.lib</file>
         <name>memset.c.obj</name>
      </input_file>
      <input_file id="fl-50">
         <path>D:\2023-1-des\ccs\ccs\tools\compiler\ti-cgt-msp430_21.6.0.LTS\lib\</path>
         <kind>archive</kind>
         <file>rts430_eabi.lib</file>
         <name>strchr.c.obj</name>
      </input_file>
      <input_file id="fl-51">
         <path>D:\2023-1-des\ccs\ccs\tools\compiler\ti-cgt-msp430_21.6.0.LTS\lib\</path>
         <kind>archive</kind>
         <file>rts430_eabi.lib</file>
         <name>strlen.c.obj</name>
      </input_file>
      <input_file id="fl-52">
         <path>D:\2023-1-des\ccs\ccs\tools\compiler\ti-cgt-msp430_21.6.0.LTS\lib\</path>
         <kind>archive</kind>
         <file>rts430_eabi.lib</file>
         <name>toupper.c.obj</name>
      </input_file>
      <input_file id="fl-53">
         <path>D:\2023-1-des\ccs\ccs\tools\compiler\ti-cgt-msp430_21.6.0.LTS\lib\</path>
         <kind>archive</kind>
         <file>rts430_eabi.lib</file>
         <name>errno.c.obj</name>
      </input_file>
      <input_file id="fl-54">
         <path>D:\2023-1-des\ccs\ccs\tools\compiler\ti-cgt-msp430_21.6.0.LTS\lib\</path>
         <kind>archive</kind>
         <file>rts430_eabi.lib</file>
         <name>abs.c.obj</name>
      </input_file>
      <input_file id="fl-55">
         <path>D:\2023-1-des\ccs\ccs\tools\compiler\ti-cgt-msp430_21.6.0.LTS\lib\</path>
         <kind>archive</kind>
         <file>rts430_eabi.lib</file>
         <name>wcslen.c.obj</name>
      </input_file>
      <input_file id="fl-56">
         <path>D:\2023-1-des\ccs\ccs\tools\compiler\ti-cgt-msp430_21.6.0.LTS\lib\</path>
         <kind>archive</kind>
         <file>rts430_eabi.lib</file>
         <name>s_frexp.c.obj</name>
      </input_file>
      <input_file id="fl-57">
         <path>D:\2023-1-des\ccs\ccs\tools\compiler\ti-cgt-msp430_21.6.0.LTS\lib\</path>
         <kind>archive</kind>
         <file>rts430_eabi.lib</file>
         <name>s_scalbn.c.obj</name>
      </input_file>
      <input_file id="fl-58">
         <path>D:\2023-1-des\ccs\ccs\tools\compiler\ti-cgt-msp430_21.6.0.LTS\lib\</path>
         <kind>archive</kind>
         <file>rts430_eabi.lib</file>
         <name>asr16.asm.obj</name>
      </input_file>
      <input_file id="fl-59">
         <path>D:\2023-1-des\ccs\ccs\tools\compiler\ti-cgt-msp430_21.6.0.LTS\lib\</path>
         <kind>archive</kind>
         <file>rts430_eabi.lib</file>
         <name>asr32.asm.obj</name>
      </input_file>
      <input_file id="fl-5a">
         <path>D:\2023-1-des\ccs\ccs\tools\compiler\ti-cgt-msp430_21.6.0.LTS\lib\</path>
         <kind>archive</kind>
         <file>rts430_eabi.lib</file>
         <name>div32s.asm.obj</name>
      </input_file>
      <input_file id="fl-5b">
         <path>D:\2023-1-des\ccs\ccs\tools\compiler\ti-cgt-msp430_21.6.0.LTS\lib\</path>
         <kind>archive</kind>
         <file>rts430_eabi.lib</file>
         <name>lsl32.asm.obj</name>
      </input_file>
      <input_file id="fl-5c">
         <path>D:\2023-1-des\ccs\ccs\tools\compiler\ti-cgt-msp430_21.6.0.LTS\lib\</path>
         <kind>archive</kind>
         <file>rts430_eabi.lib</file>
         <name>lsr32.asm.obj</name>
      </input_file>
      <input_file id="fl-5d">
         <path>D:\2023-1-des\ccs\ccs\tools\compiler\ti-cgt-msp430_21.6.0.LTS\lib\</path>
         <kind>archive</kind>
         <file>rts430_eabi.lib</file>
         <name>mult32.asm.obj</name>
      </input_file>
      <input_file id="fl-5e">
         <path>D:\2023-1-des\ccs\ccs\tools\compiler\ti-cgt-msp430_21.6.0.LTS\lib\</path>
         <kind>archive</kind>
         <file>rts430_eabi.lib</file>
         <name>lsl64.c.obj</name>
      </input_file>
      <input_file id="fl-5f">
         <path>D:\2023-1-des\ccs\ccs\tools\compiler\ti-cgt-msp430_21.6.0.LTS\lib\</path>
         <kind>archive</kind>
         <file>rts430_eabi.lib</file>
         <name>addd.c.obj</name>
      </input_file>
      <input_file id="fl-60">
         <path>D:\2023-1-des\ccs\ccs\tools\compiler\ti-cgt-msp430_21.6.0.LTS\lib\</path>
         <kind>archive</kind>
         <file>rts430_eabi.lib</file>
         <name>frcmpyd.c.obj</name>
      </input_file>
      <input_file id="fl-61">
         <path>D:\2023-1-des\ccs\ccs\tools\compiler\ti-cgt-msp430_21.6.0.LTS\lib\</path>
         <kind>archive</kind>
         <file>rts430_eabi.lib</file>
         <name>s_copysign.c.obj</name>
      </input_file>
      <input_file id="fl-62">
         <path>D:\2023-1-des\ccs\ccs\tools\compiler\ti-cgt-msp430_21.6.0.LTS\lib\</path>
         <kind>archive</kind>
         <file>rts430_eabi.lib</file>
         <name>mult3264.asm.obj</name>
      </input_file>
      <input_file id="fl-63">
         <path>D:\2023-1-des\ccs\ccs\tools\compiler\ti-cgt-msp430_21.6.0.LTS\lib\</path>
         <kind>archive</kind>
         <file>rts430_eabi.lib</file>
         <name>mult64.asm.obj</name>
      </input_file>
      <input_file id="fl-64">
         <path>D:\2023-1-des\ccs\ccs\tools\compiler\ti-cgt-msp430_21.6.0.LTS\lib\</path>
         <kind>archive</kind>
         <file>rts430_eabi.lib</file>
         <name>asr64.c.obj</name>
      </input_file>
      <input_file id="fl-65">
         <path>D:\2023-1-des\ccs\ccs\tools\compiler\ti-cgt-msp430_21.6.0.LTS\lib\</path>
         <kind>archive</kind>
         <file>rts430_eabi.lib</file>
         <name>mult1632.asm.obj</name>
      </input_file>
   </input_file_list>
   <object_component_list>
      <object_component id="oc-143">
         <name>.common:adcResult</name>
         <uninitialized>true</uninitialized>
         <run_address>0x210</run_address>
         <size>0x2</size>
      </object_component>
      <object_component id="oc-193">
         <name>.common:buffer</name>
         <uninitialized>true</uninitialized>
         <run_address>0x200</run_address>
         <size>0x10</size>
      </object_component>
      <object_component id="oc-301">
         <name>.data</name>
         <load_address>0x212</load_address>
         <run_address>0x212</run_address>
         <size>0x2</size>
         <input_file_ref idref="fl-53"/>
      </object_component>
      <object_component id="oc-b1">
         <name>.stack</name>
         <uninitialized>true</uninitialized>
         <run_address>0x3b0</run_address>
         <size>0x2</size>
         <input_file_ref idref="fl-2b"/>
      </object_component>
      <object_component id="oc-50e">
         <name>.stack</name>
         <uninitialized>true</uninitialized>
         <run_address>0x3b0</run_address>
         <size>0x0</size>
      </object_component>
      <object_component id="oc-470">
         <name>.text:__mspabi_addd</name>
         <load_address>0xc000</load_address>
         <run_address>0xc000</run_address>
         <size>0x736</size>
         <input_file_ref idref="fl-5f"/>
      </object_component>
      <object_component id="oc-435">
         <name>.text:__TI_frcdivd</name>
         <load_address>0xc736</load_address>
         <run_address>0xc736</run_address>
         <size>0x478</size>
         <input_file_ref idref="fl-47"/>
      </object_component>
      <object_component id="oc-389">
         <name>.text:__mspabi_divull</name>
         <load_address>0xcbae</load_address>
         <run_address>0xcbae</run_address>
         <size>0x360</size>
         <input_file_ref idref="fl-40"/>
      </object_component>
      <object_component id="oc-3c7">
         <name>.text:__mspabi_mpyd</name>
         <load_address>0xcf0e</load_address>
         <run_address>0xcf0e</run_address>
         <size>0x2c0</size>
         <input_file_ref idref="fl-48"/>
      </object_component>
      <object_component id="oc-23d">
         <name>.text:__TI_printfi:__TI_printfi</name>
         <load_address>0xd1ce</load_address>
         <run_address>0xd1ce</run_address>
         <size>0x288</size>
         <input_file_ref idref="fl-38"/>
      </object_component>
      <object_component id="oc-30c">
         <name>.text:_pproc_fgea</name>
         <load_address>0xd456</load_address>
         <run_address>0xd456</run_address>
         <size>0x26e</size>
         <input_file_ref idref="fl-38"/>
      </object_component>
      <object_component id="oc-2aa">
         <name>.text:__TI_printfi:_setfield___TI_printfi</name>
         <load_address>0xd6c4</load_address>
         <run_address>0xd6c4</run_address>
         <size>0x252</size>
         <input_file_ref idref="fl-38"/>
      </object_component>
      <object_component id="oc-3da">
         <name>.text:acvt</name>
         <load_address>0xd916</load_address>
         <run_address>0xd916</run_address>
         <size>0x244</size>
         <input_file_ref idref="fl-38"/>
      </object_component>
      <object_component id="oc-3cd">
         <name>.text:__mspabi_divd</name>
         <load_address>0xdb5a</load_address>
         <run_address>0xdb5a</run_address>
         <size>0x238</size>
         <input_file_ref idref="fl-42"/>
      </object_component>
      <object_component id="oc-341">
         <name>.text:__TI_printfi:_getarg_diouxp___TI_printfi</name>
         <load_address>0xdd92</load_address>
         <run_address>0xdd92</run_address>
         <size>0x1ec</size>
         <input_file_ref idref="fl-38"/>
      </object_component>
      <object_component id="oc-3a7">
         <name>.text:ecvt</name>
         <load_address>0xdf7e</load_address>
         <run_address>0xdf7e</run_address>
         <size>0x1de</size>
         <input_file_ref idref="fl-38"/>
      </object_component>
      <object_component id="oc-3ba">
         <name>.text:fcvt</name>
         <load_address>0xe15c</load_address>
         <run_address>0xe15c</run_address>
         <size>0x1c4</size>
         <input_file_ref idref="fl-38"/>
      </object_component>
      <object_component id="oc-366">
         <name>.text:_pconv_e</name>
         <load_address>0xe320</load_address>
         <run_address>0xe320</run_address>
         <size>0x1a6</size>
         <input_file_ref idref="fl-38"/>
      </object_component>
      <object_component id="oc-36c">
         <name>.text:_pconv_a</name>
         <load_address>0xe4c6</load_address>
         <run_address>0xe4c6</run_address>
         <size>0x174</size>
         <input_file_ref idref="fl-38"/>
      </object_component>
      <object_component id="oc-42d">
         <name>.text:__TI_frcmpyd</name>
         <load_address>0xe63a</load_address>
         <run_address>0xe63a</run_address>
         <size>0x172</size>
         <input_file_ref idref="fl-60"/>
      </object_component>
      <object_component id="oc-444">
         <name>.text:scalbn</name>
         <load_address>0xe7ac</load_address>
         <run_address>0xe7ac</run_address>
         <size>0x16a</size>
         <input_file_ref idref="fl-57"/>
      </object_component>
      <object_component id="oc-306">
         <name>.text:__TI_printfi:_pproc_diouxp___TI_printfi</name>
         <load_address>0xe916</load_address>
         <run_address>0xe916</run_address>
         <size>0x14c</size>
         <input_file_ref idref="fl-38"/>
      </object_component>
      <object_component id="oc-347">
         <name>.text:__TI_printfi:_ltostr___TI_printfi</name>
         <load_address>0xea62</load_address>
         <run_address>0xea62</run_address>
         <size>0x12e</size>
         <input_file_ref idref="fl-38"/>
      </object_component>
      <object_component id="oc-479">
         <name>.text:__mpyll</name>
         <load_address>0xeb90</load_address>
         <run_address>0xeb90</run_address>
         <size>0x114</size>
         <input_file_ref idref="fl-63"/>
      </object_component>
      <object_component id="oc-35a">
         <name>.text:_pconv_g</name>
         <load_address>0xeca4</load_address>
         <run_address>0xeca4</run_address>
         <size>0xf8</size>
         <input_file_ref idref="fl-38"/>
      </object_component>
      <object_component id="oc-2a4">
         <name>.text:__TI_printfi:_pproc_fwp___TI_printfi</name>
         <load_address>0xed9c</load_address>
         <run_address>0xed9c</run_address>
         <size>0xe0</size>
         <input_file_ref idref="fl-38"/>
      </object_component>
      <object_component id="oc-372">
         <name>.text:__mspabi_cmpd</name>
         <load_address>0xee7c</load_address>
         <run_address>0xee7c</run_address>
         <size>0xdc</size>
         <input_file_ref idref="fl-41"/>
      </object_component>
      <object_component id="oc-2b6">
         <name>.text:__TI_printfi:_pproc_wstr___TI_printfi</name>
         <load_address>0xef58</load_address>
         <run_address>0xef58</run_address>
         <size>0xc4</size>
         <input_file_ref idref="fl-38"/>
      </object_component>
      <object_component id="oc-3d4">
         <name>.text:frexp</name>
         <load_address>0xf01c</load_address>
         <run_address>0xf01c</run_address>
         <size>0xb0</size>
         <input_file_ref idref="fl-56"/>
      </object_component>
      <object_component id="oc-2b0">
         <name>.text:__TI_printfi:_pproc_str___TI_printfi</name>
         <load_address>0xf0cc</load_address>
         <run_address>0xf0cc</run_address>
         <size>0xac</size>
         <input_file_ref idref="fl-38"/>
      </object_component>
      <object_component id="oc-410">
         <name>.text:__mspabi_fltlid</name>
         <load_address>0xf178</load_address>
         <run_address>0xf178</run_address>
         <size>0xac</size>
         <input_file_ref idref="fl-46"/>
      </object_component>
      <object_component id="oc-3b3">
         <name>.text:_mcpy</name>
         <load_address>0xf224</load_address>
         <run_address>0xf224</run_address>
         <size>0x92</size>
         <input_file_ref idref="fl-38"/>
      </object_component>
      <object_component id="oc-3ad">
         <name>.text:_ecpy</name>
         <load_address>0xf2b6</load_address>
         <run_address>0xf2b6</run_address>
         <size>0x8e</size>
         <input_file_ref idref="fl-38"/>
      </object_component>
      <object_component id="oc-40a">
         <name>.text:__TI_ltoa</name>
         <load_address>0xf344</load_address>
         <run_address>0xf344</run_address>
         <size>0x84</size>
         <input_file_ref idref="fl-4b"/>
      </object_component>
      <object_component id="oc-34">
         <name>.text:decompress:lzss:__TI_decompress_lzss</name>
         <load_address>0xf3c8</load_address>
         <run_address>0xf3c8</run_address>
         <size>0x7c</size>
         <input_file_ref idref="fl-33"/>
      </object_component>
      <object_component id="oc-360">
         <name>.text:_pconv_f</name>
         <load_address>0xf444</load_address>
         <run_address>0xf444</run_address>
         <size>0x7a</size>
         <input_file_ref idref="fl-38"/>
      </object_component>
      <object_component id="oc-404">
         <name>.text:__mspabi_fixdli</name>
         <load_address>0xf4be</load_address>
         <run_address>0xf4be</run_address>
         <size>0x72</size>
         <input_file_ref idref="fl-44"/>
      </object_component>
      <object_component id="oc-18c">
         <name>.text:init</name>
         <load_address>0xf530</load_address>
         <run_address>0xf530</run_address>
         <size>0x66</size>
         <input_file_ref idref="fl-2"/>
      </object_component>
      <object_component id="oc-469">
         <name>.text:l_lsr_const</name>
         <load_address>0xf596</load_address>
         <run_address>0xf596</run_address>
         <size>0x5c</size>
         <input_file_ref idref="fl-5c"/>
      </object_component>
      <object_component id="oc-38f">
         <name>.text</name>
         <load_address>0xf5f2</load_address>
         <run_address>0xf5f2</run_address>
         <size>0x58</size>
         <input_file_ref idref="fl-3a"/>
      </object_component>
      <object_component id="oc-2ec">
         <name>.text:atoi</name>
         <load_address>0xf64a</load_address>
         <run_address>0xf64a</run_address>
         <size>0x52</size>
         <input_file_ref idref="fl-4c"/>
      </object_component>
      <object_component id="oc-3c0">
         <name>.text:_fcpy</name>
         <load_address>0xf69c</load_address>
         <run_address>0xf69c</run_address>
         <size>0x4e</size>
         <input_file_ref idref="fl-38"/>
      </object_component>
      <object_component id="oc-ba">
         <name>.text</name>
         <load_address>0xf6ea</load_address>
         <run_address>0xf6ea</run_address>
         <size>0x4c</size>
         <input_file_ref idref="fl-3c"/>
      </object_component>
      <object_component id="oc-4ad">
         <name>.text:__mspabi_srall</name>
         <load_address>0xf736</load_address>
         <run_address>0xf736</run_address>
         <size>0x4a</size>
         <input_file_ref idref="fl-64"/>
      </object_component>
      <object_component id="oc-394">
         <name>.text:__mspabi_srlll</name>
         <load_address>0xf780</load_address>
         <run_address>0xf780</run_address>
         <size>0x46</size>
         <input_file_ref idref="fl-3f"/>
      </object_component>
      <object_component id="oc-3ee">
         <name>.text:__mspabi_sllll</name>
         <load_address>0xf7c6</load_address>
         <run_address>0xf7c6</run_address>
         <size>0x44</size>
         <input_file_ref idref="fl-5e"/>
      </object_component>
      <object_component id="oc-1ad">
         <name>.text:__TI_auto_init_nobinit_nopinit:__TI_auto_init_nobinit_nopinit</name>
         <load_address>0xf80a</load_address>
         <run_address>0xf80a</run_address>
         <size>0x42</size>
         <input_file_ref idref="fl-2c"/>
      </object_component>
      <object_component id="oc-462">
         <name>.text</name>
         <load_address>0xf84c</load_address>
         <run_address>0xf84c</run_address>
         <size>0x40</size>
         <input_file_ref idref="fl-5a"/>
      </object_component>
      <object_component id="oc-48b">
         <name>.text:l_asr_const</name>
         <load_address>0xf88c</load_address>
         <run_address>0xf88c</run_address>
         <size>0x3e</size>
         <input_file_ref idref="fl-59"/>
      </object_component>
      <object_component id="oc-45c">
         <name>.text:l_lsl_const</name>
         <load_address>0xf8ca</load_address>
         <run_address>0xf8ca</run_address>
         <size>0x3e</size>
         <input_file_ref idref="fl-5b"/>
      </object_component>
      <object_component id="oc-194">
         <name>.text:sprintf</name>
         <load_address>0xf908</load_address>
         <run_address>0xf908</run_address>
         <size>0x38</size>
         <input_file_ref idref="fl-1d"/>
      </object_component>
      <object_component id="oc-416">
         <name>.text:__mspabi_subd</name>
         <load_address>0xf940</load_address>
         <run_address>0xf940</run_address>
         <size>0x2e</size>
         <input_file_ref idref="fl-4a"/>
      </object_component>
      <object_component id="oc-49b">
         <name>.text:copysign</name>
         <load_address>0xf96e</load_address>
         <run_address>0xf96e</run_address>
         <size>0x2e</size>
         <input_file_ref idref="fl-61"/>
      </object_component>
      <object_component id="oc-15c">
         <name>.text:main</name>
         <load_address>0xf99c</load_address>
         <run_address>0xf99c</run_address>
         <size>0x2e</size>
         <input_file_ref idref="fl-2"/>
      </object_component>
      <object_component id="oc-3fc">
         <name>.text</name>
         <load_address>0xf9ca</load_address>
         <run_address>0xf9ca</run_address>
         <size>0x2c</size>
         <input_file_ref idref="fl-58"/>
      </object_component>
      <object_component id="oc-b5">
         <name>.text</name>
         <load_address>0xf9f6</load_address>
         <run_address>0xf9f6</run_address>
         <size>0x2c</size>
         <input_file_ref idref="fl-3b"/>
      </object_component>
      <object_component id="oc-354">
         <name>.text:__mspabi_negd</name>
         <load_address>0xfa22</load_address>
         <run_address>0xfa22</run_address>
         <size>0x2a</size>
         <input_file_ref idref="fl-49"/>
      </object_component>
      <object_component id="oc-41c">
         <name>.text:__mspabi_fixdi</name>
         <load_address>0xfa4c</load_address>
         <run_address>0xfa4c</run_address>
         <size>0x28</size>
         <input_file_ref idref="fl-43"/>
      </object_component>
      <object_component id="oc-486">
         <name>.text</name>
         <load_address>0xfa74</load_address>
         <run_address>0xfa74</run_address>
         <size>0x26</size>
         <input_file_ref idref="fl-5d"/>
      </object_component>
      <object_component id="oc-4b5">
         <name>.text:__mpyul</name>
         <load_address>0xfa9a</load_address>
         <run_address>0xfa9a</run_address>
         <size>0x22</size>
         <input_file_ref idref="fl-65"/>
      </object_component>
      <object_component id="oc-2d9">
         <name>.text:memccpy</name>
         <load_address>0xfabc</load_address>
         <run_address>0xfabc</run_address>
         <size>0x22</size>
         <input_file_ref idref="fl-4e"/>
      </object_component>
      <object_component id="oc-47e">
         <name>.text:__mpyull</name>
         <load_address>0xfade</load_address>
         <run_address>0xfade</run_address>
         <size>0x1e</size>
         <input_file_ref idref="fl-62"/>
      </object_component>
      <object_component id="oc-ff">
         <name>.text:_c_int00_noargs</name>
         <load_address>0xfafc</load_address>
         <run_address>0xfafc</run_address>
         <size>0x1c</size>
         <input_file_ref idref="fl-2b"/>
      </object_component>
      <object_component id="oc-e7">
         <name>.text:Timer_A</name>
         <load_address>0xfb18</load_address>
         <run_address>0xfb18</run_address>
         <size>0x1a</size>
         <input_file_ref idref="fl-2"/>
      </object_component>
      <object_component id="oc-1e6">
         <name>.text:_outs</name>
         <load_address>0xfb32</load_address>
         <run_address>0xfb32</run_address>
         <size>0x1a</size>
         <input_file_ref idref="fl-1d"/>
      </object_component>
      <object_component id="oc-44a">
         <name>.text:strchr</name>
         <load_address>0xfb4c</load_address>
         <run_address>0xfb4c</run_address>
         <size>0x1a</size>
         <input_file_ref idref="fl-50"/>
      </object_component>
      <object_component id="oc-319">
         <name>.text</name>
         <load_address>0xfb66</load_address>
         <run_address>0xfb66</run_address>
         <size>0x16</size>
         <input_file_ref idref="fl-39"/>
      </object_component>
      <object_component id="oc-ed">
         <name>.text:decompress:ZI:__TI_zero_init_nomemset:__TI_zero_init_nomemset</name>
         <load_address>0xfb7c</load_address>
         <run_address>0xfb7c</run_address>
         <size>0x14</size>
         <input_file_ref idref="fl-2d"/>
      </object_component>
      <object_component id="oc-2cc">
         <name>.text:memset</name>
         <load_address>0xfb90</load_address>
         <run_address>0xfb90</run_address>
         <size>0x14</size>
         <input_file_ref idref="fl-4f"/>
      </object_component>
      <object_component id="oc-26c">
         <name>.text</name>
         <load_address>0xfba4</load_address>
         <run_address>0xfba4</run_address>
         <size>0x14</size>
         <input_file_ref idref="fl-3d"/>
      </object_component>
      <object_component id="oc-2fb">
         <name>.text:wcslen</name>
         <load_address>0xfbb8</load_address>
         <run_address>0xfbb8</run_address>
         <size>0x14</size>
         <input_file_ref idref="fl-55"/>
      </object_component>
      <object_component id="oc-1ec">
         <name>.text:_outc</name>
         <load_address>0xfbcc</load_address>
         <run_address>0xfbcc</run_address>
         <size>0x12</size>
         <input_file_ref idref="fl-1d"/>
      </object_component>
      <object_component id="oc-3a">
         <name>.text:decompress:none:__TI_decompress_none</name>
         <load_address>0xfbde</load_address>
         <run_address>0xfbde</run_address>
         <size>0x12</size>
         <input_file_ref idref="fl-32"/>
      </object_component>
      <object_component id="oc-3f4">
         <name>.text:l_lsr</name>
         <load_address>0xfbf0</load_address>
         <run_address>0xfbf0</run_address>
         <size>0x12</size>
         <input_file_ref idref="fl-5c"/>
      </object_component>
      <object_component id="oc-cf">
         <name>.text:memcpy</name>
         <load_address>0xfc02</load_address>
         <run_address>0xfc02</run_address>
         <size>0x12</size>
         <input_file_ref idref="fl-37"/>
      </object_component>
      <object_component id="oc-19a">
         <name>.text:sendString</name>
         <load_address>0xfc14</load_address>
         <run_address>0xfc14</run_address>
         <size>0x12</size>
         <input_file_ref idref="fl-2"/>
      </object_component>
      <object_component id="oc-bf">
         <name>.text</name>
         <load_address>0xfc26</load_address>
         <run_address>0xfc26</run_address>
         <size>0x10</size>
         <input_file_ref idref="fl-1e"/>
      </object_component>
      <object_component id="oc-e1">
         <name>.text:ADC10_ISR</name>
         <load_address>0xfc36</load_address>
         <run_address>0xfc36</run_address>
         <size>0xe</size>
         <input_file_ref idref="fl-2"/>
      </object_component>
      <object_component id="oc-278">
         <name>.text:strlen</name>
         <load_address>0xfc44</load_address>
         <run_address>0xfc44</run_address>
         <size>0xe</size>
         <input_file_ref idref="fl-51"/>
      </object_component>
      <object_component id="oc-450">
         <name>.text:__mspabi_fltid</name>
         <load_address>0xfc52</load_address>
         <run_address>0xfc52</run_address>
         <size>0xc</size>
         <input_file_ref idref="fl-45"/>
      </object_component>
      <object_component id="oc-1f5">
         <name>.text:sendByte</name>
         <load_address>0xfc5e</load_address>
         <run_address>0xfc5e</run_address>
         <size>0xc</size>
         <input_file_ref idref="fl-2"/>
      </object_component>
      <object_component id="oc-34e">
         <name>.text:toupper</name>
         <load_address>0xfc6a</load_address>
         <run_address>0xfc6a</run_address>
         <size>0xc</size>
         <input_file_ref idref="fl-52"/>
      </object_component>
      <object_component id="oc-423">
         <name>.text:abs</name>
         <load_address>0xfc76</load_address>
         <run_address>0xfc76</run_address>
         <size>0xa</size>
         <input_file_ref idref="fl-54"/>
      </object_component>
      <object_component id="oc-dc">
         <name>.text:_isr:__TI_ISR_TRAP</name>
         <load_address>0xfc80</load_address>
         <run_address>0xfc80</run_address>
         <size>0x8</size>
         <input_file_ref idref="fl-2a"/>
      </object_component>
      <object_component id="oc-147">
         <name>.text:startADC</name>
         <load_address>0xfc88</load_address>
         <run_address>0xfc88</run_address>
         <size>0x8</size>
         <input_file_ref idref="fl-2"/>
      </object_component>
      <object_component id="oc-1a1">
         <name>.text:abort</name>
         <load_address>0xfc90</load_address>
         <run_address>0xfc90</run_address>
         <size>0x6</size>
         <input_file_ref idref="fl-34"/>
      </object_component>
      <object_component id="oc-156">
         <name>.text:_system_pre_init</name>
         <load_address>0xfc96</load_address>
         <run_address>0xfc96</run_address>
         <size>0x4</size>
         <input_file_ref idref="fl-30"/>
      </object_component>
      <object_component id="oc-20e">
         <name>.text:_system_post_cinit</name>
         <load_address>0xfc9a</load_address>
         <run_address>0xfc9a</run_address>
         <size>0x2</size>
         <input_file_ref idref="fl-31"/>
      </object_component>
      <object_component id="oc-50d">
         <name>.cinit..data.load</name>
         <load_address>0xfdca</load_address>
         <run_address>0xfdca</run_address>
         <size>0x6</size>
      </object_component>
      <object_component id="oc-50a">
         <name>__TI_handler_table</name>
         <load_address>0xfdd0</load_address>
         <run_address>0xfdd0</run_address>
         <size>0x6</size>
      </object_component>
      <object_component id="oc-50c">
         <name>.cinit..bss.load</name>
         <load_address>0xfdd6</load_address>
         <run_address>0xfdd6</run_address>
         <size>0x4</size>
      </object_component>
      <object_component id="oc-50b">
         <name>__TI_cinit_table</name>
         <load_address>0xfdda</load_address>
         <run_address>0xfdda</run_address>
         <size>0x8</size>
      </object_component>
      <object_component id="oc-326">
         <name>.const:.string:_ctypes_</name>
         <load_address>0xfc9c</load_address>
         <run_address>0xfc9c</run_address>
         <size>0x101</size>
         <input_file_ref idref="fl-4d"/>
      </object_component>
      <object_component id="oc-2d2">
         <name>.const:.string</name>
         <load_address>0xfd9e</load_address>
         <run_address>0xfd9e</run_address>
         <size>0x26</size>
         <input_file_ref idref="fl-38"/>
      </object_component>
      <object_component id="oc-192">
         <name>.const:.string</name>
         <load_address>0xfdc4</load_address>
         <run_address>0xfdc4</run_address>
         <size>0x6</size>
         <input_file_ref idref="fl-2"/>
      </object_component>
      <object_component id="oc-4ca">
         <name>.binit</name>
         <load_address>0xc000</load_address>
         <run_address>0xc000</run_address>
         <size>0x0</size>
      </object_component>
      <object_component id="oc-40">
         <name>.int00</name>
         <load_address>0xffe0</load_address>
         <run_address>0xffe0</run_address>
         <size>0x2</size>
         <input_file_ref idref="fl-1f"/>
      </object_component>
      <object_component id="oc-41">
         <name>.int02</name>
         <load_address>0xffe4</load_address>
         <run_address>0xffe4</run_address>
         <size>0x2</size>
         <input_file_ref idref="fl-20"/>
      </object_component>
      <object_component id="oc-42">
         <name>.int03</name>
         <load_address>0xffe6</load_address>
         <run_address>0xffe6</run_address>
         <size>0x2</size>
         <input_file_ref idref="fl-21"/>
      </object_component>
      <object_component id="oc-43">
         <name>.int05</name>
         <load_address>0xffea</load_address>
         <run_address>0xffea</run_address>
         <size>0x2</size>
         <input_file_ref idref="fl-2"/>
      </object_component>
      <object_component id="oc-44">
         <name>.int06</name>
         <load_address>0xffec</load_address>
         <run_address>0xffec</run_address>
         <size>0x2</size>
         <input_file_ref idref="fl-22"/>
      </object_component>
      <object_component id="oc-45">
         <name>.int07</name>
         <load_address>0xffee</load_address>
         <run_address>0xffee</run_address>
         <size>0x2</size>
         <input_file_ref idref="fl-23"/>
      </object_component>
      <object_component id="oc-46">
         <name>.int08</name>
         <load_address>0xfff0</load_address>
         <run_address>0xfff0</run_address>
         <size>0x2</size>
         <input_file_ref idref="fl-24"/>
      </object_component>
      <object_component id="oc-47">
         <name>.int09</name>
         <load_address>0xfff2</load_address>
         <run_address>0xfff2</run_address>
         <size>0x2</size>
         <input_file_ref idref="fl-2"/>
      </object_component>
      <object_component id="oc-48">
         <name>.int10</name>
         <load_address>0xfff4</load_address>
         <run_address>0xfff4</run_address>
         <size>0x2</size>
         <input_file_ref idref="fl-25"/>
      </object_component>
      <object_component id="oc-49">
         <name>.int11</name>
         <load_address>0xfff6</load_address>
         <run_address>0xfff6</run_address>
         <size>0x2</size>
         <input_file_ref idref="fl-26"/>
      </object_component>
      <object_component id="oc-4a">
         <name>.int12</name>
         <load_address>0xfff8</load_address>
         <run_address>0xfff8</run_address>
         <size>0x2</size>
         <input_file_ref idref="fl-27"/>
      </object_component>
      <object_component id="oc-4b">
         <name>.int13</name>
         <load_address>0xfffa</load_address>
         <run_address>0xfffa</run_address>
         <size>0x2</size>
         <input_file_ref idref="fl-28"/>
      </object_component>
      <object_component id="oc-4c">
         <name>.int14</name>
         <load_address>0xfffc</load_address>
         <run_address>0xfffc</run_address>
         <size>0x2</size>
         <input_file_ref idref="fl-29"/>
      </object_component>
      <object_component id="oc-b4">
         <name>.reset</name>
         <load_address>0xfffe</load_address>
         <run_address>0xfffe</run_address>
         <size>0x2</size>
         <input_file_ref idref="fl-2b"/>
      </object_component>
      <object_component id="oc-144">
         <name>.debug_info</name>
         <load_address>0x0</load_address>
         <run_address>0x0</run_address>
         <size>0x47a</size>
         <input_file_ref idref="fl-2"/>
      </object_component>
      <object_component id="oc-149">
         <name>.debug_info</name>
         <load_address>0x47a</load_address>
         <run_address>0x47a</run_address>
         <size>0xf1</size>
         <input_file_ref idref="fl-2"/>
      </object_component>
      <object_component id="oc-1f7">
         <name>.debug_info</name>
         <load_address>0x56b</load_address>
         <run_address>0x56b</run_address>
         <size>0x113</size>
         <input_file_ref idref="fl-2"/>
      </object_component>
      <object_component id="oc-19c">
         <name>.debug_info</name>
         <load_address>0x67e</load_address>
         <run_address>0x67e</run_address>
         <size>0x12e</size>
         <input_file_ref idref="fl-2"/>
      </object_component>
      <object_component id="oc-18d">
         <name>.debug_info</name>
         <load_address>0x7ac</load_address>
         <run_address>0x7ac</run_address>
         <size>0xe9</size>
         <input_file_ref idref="fl-2"/>
      </object_component>
      <object_component id="oc-15d">
         <name>.debug_info</name>
         <load_address>0x895</load_address>
         <run_address>0x895</run_address>
         <size>0x120</size>
         <input_file_ref idref="fl-2"/>
      </object_component>
      <object_component id="oc-e9">
         <name>.debug_info</name>
         <load_address>0x9b5</load_address>
         <run_address>0x9b5</run_address>
         <size>0xff</size>
         <input_file_ref idref="fl-2"/>
      </object_component>
      <object_component id="oc-e3">
         <name>.debug_info</name>
         <load_address>0xab4</load_address>
         <run_address>0xab4</run_address>
         <size>0xf4</size>
         <input_file_ref idref="fl-2"/>
      </object_component>
      <object_component id="oc-183">
         <name>.debug_info</name>
         <load_address>0xba8</load_address>
         <run_address>0xba8</run_address>
         <size>0x26b</size>
         <input_file_ref idref="fl-2"/>
      </object_component>
      <object_component id="oc-ca">
         <name>.debug_info</name>
         <load_address>0xe13</load_address>
         <run_address>0xe13</run_address>
         <size>0x84</size>
         <input_file_ref idref="fl-2"/>
      </object_component>
      <object_component id="oc-1e0">
         <name>.debug_info</name>
         <load_address>0xe97</load_address>
         <run_address>0xe97</run_address>
         <size>0x282</size>
         <input_file_ref idref="fl-2"/>
      </object_component>
      <object_component id="oc-245">
         <name>.debug_info</name>
         <load_address>0x1119</load_address>
         <run_address>0x1119</run_address>
         <size>0x2c</size>
         <input_file_ref idref="fl-2"/>
      </object_component>
      <object_component id="oc-1f4">
         <name>.debug_info</name>
         <load_address>0x1145</load_address>
         <run_address>0x1145</run_address>
         <size>0x20b</size>
         <input_file_ref idref="fl-1d"/>
      </object_component>
      <object_component id="oc-198">
         <name>.debug_info</name>
         <load_address>0x1350</load_address>
         <run_address>0x1350</run_address>
         <size>0x1c2</size>
         <input_file_ref idref="fl-1d"/>
      </object_component>
      <object_component id="oc-1e8">
         <name>.debug_info</name>
         <load_address>0x1512</load_address>
         <run_address>0x1512</run_address>
         <size>0x198</size>
         <input_file_ref idref="fl-1d"/>
      </object_component>
      <object_component id="oc-1ef">
         <name>.debug_info</name>
         <load_address>0x16aa</load_address>
         <run_address>0x16aa</run_address>
         <size>0x16d</size>
         <input_file_ref idref="fl-1d"/>
      </object_component>
      <object_component id="oc-2e2">
         <name>.debug_info</name>
         <load_address>0x1817</load_address>
         <run_address>0x1817</run_address>
         <size>0x2c</size>
         <input_file_ref idref="fl-1d"/>
      </object_component>
      <object_component id="oc-c1">
         <name>.debug_info</name>
         <load_address>0x1843</load_address>
         <run_address>0x1843</run_address>
         <size>0x12e</size>
         <input_file_ref idref="fl-1e"/>
      </object_component>
      <object_component id="oc-df">
         <name>.debug_info</name>
         <load_address>0x1971</load_address>
         <run_address>0x1971</run_address>
         <size>0x10f</size>
         <input_file_ref idref="fl-2a"/>
      </object_component>
      <object_component id="oc-b2">
         <name>.debug_info</name>
         <load_address>0x1a80</load_address>
         <run_address>0x1a80</run_address>
         <size>0x100</size>
         <input_file_ref idref="fl-2b"/>
      </object_component>
      <object_component id="oc-100">
         <name>.debug_info</name>
         <load_address>0x1b80</load_address>
         <run_address>0x1b80</run_address>
         <size>0x17a</size>
         <input_file_ref idref="fl-2b"/>
      </object_component>
      <object_component id="oc-215">
         <name>.debug_info</name>
         <load_address>0x1cfa</load_address>
         <run_address>0x1cfa</run_address>
         <size>0x3de</size>
         <input_file_ref idref="fl-2c"/>
      </object_component>
      <object_component id="oc-1ae">
         <name>.debug_info</name>
         <load_address>0x20d8</load_address>
         <run_address>0x20d8</run_address>
         <size>0x1e0</size>
         <input_file_ref idref="fl-2c"/>
      </object_component>
      <object_component id="oc-262">
         <name>.debug_info</name>
         <load_address>0x22b8</load_address>
         <run_address>0x22b8</run_address>
         <size>0x39</size>
         <input_file_ref idref="fl-2c"/>
      </object_component>
      <object_component id="oc-273">
         <name>.debug_info</name>
         <load_address>0x22f1</load_address>
         <run_address>0x22f1</run_address>
         <size>0x2c</size>
         <input_file_ref idref="fl-2c"/>
      </object_component>
      <object_component id="oc-220">
         <name>.debug_info</name>
         <load_address>0x231d</load_address>
         <run_address>0x231d</run_address>
         <size>0x2c</size>
         <input_file_ref idref="fl-2c"/>
      </object_component>
      <object_component id="oc-267">
         <name>.debug_info</name>
         <load_address>0x2349</load_address>
         <run_address>0x2349</run_address>
         <size>0xcd</size>
         <input_file_ref idref="fl-2c"/>
      </object_component>
      <object_component id="oc-154">
         <name>.debug_info</name>
         <load_address>0x2416</load_address>
         <run_address>0x2416</run_address>
         <size>0x175</size>
         <input_file_ref idref="fl-2d"/>
      </object_component>
      <object_component id="oc-ef">
         <name>.debug_info</name>
         <load_address>0x258b</load_address>
         <run_address>0x258b</run_address>
         <size>0x1d2</size>
         <input_file_ref idref="fl-2d"/>
      </object_component>
      <object_component id="oc-14f">
         <name>.debug_info</name>
         <load_address>0x275d</load_address>
         <run_address>0x275d</run_address>
         <size>0x46</size>
         <input_file_ref idref="fl-2d"/>
      </object_component>
      <object_component id="oc-136">
         <name>.debug_info</name>
         <load_address>0x27a3</load_address>
         <run_address>0x27a3</run_address>
         <size>0x2c</size>
         <input_file_ref idref="fl-2d"/>
      </object_component>
      <object_component id="oc-15a">
         <name>.debug_info</name>
         <load_address>0x27cf</load_address>
         <run_address>0x27cf</run_address>
         <size>0x153</size>
         <input_file_ref idref="fl-30"/>
      </object_component>
      <object_component id="oc-212">
         <name>.debug_info</name>
         <load_address>0x2922</load_address>
         <run_address>0x2922</run_address>
         <size>0x150</size>
         <input_file_ref idref="fl-31"/>
      </object_component>
      <object_component id="oc-db">
         <name>.debug_info</name>
         <load_address>0x2a72</load_address>
         <run_address>0x2a72</run_address>
         <size>0x180</size>
         <input_file_ref idref="fl-32"/>
      </object_component>
      <object_component id="oc-3e">
         <name>.debug_info</name>
         <load_address>0x2bf2</load_address>
         <run_address>0x2bf2</run_address>
         <size>0x1ea</size>
         <input_file_ref idref="fl-32"/>
      </object_component>
      <object_component id="oc-d6">
         <name>.debug_info</name>
         <load_address>0x2ddc</load_address>
         <run_address>0x2ddc</run_address>
         <size>0x46</size>
         <input_file_ref idref="fl-32"/>
      </object_component>
      <object_component id="oc-13b">
         <name>.debug_info</name>
         <load_address>0x2e22</load_address>
         <run_address>0x2e22</run_address>
         <size>0x2c</size>
         <input_file_ref idref="fl-32"/>
      </object_component>
      <object_component id="oc-133">
         <name>.debug_info</name>
         <load_address>0x2e4e</load_address>
         <run_address>0x2e4e</run_address>
         <size>0x176</size>
         <input_file_ref idref="fl-33"/>
      </object_component>
      <object_component id="oc-38">
         <name>.debug_info</name>
         <load_address>0x2fc4</load_address>
         <run_address>0x2fc4</run_address>
         <size>0x292</size>
         <input_file_ref idref="fl-33"/>
      </object_component>
      <object_component id="oc-c5">
         <name>.debug_info</name>
         <load_address>0x3256</load_address>
         <run_address>0x3256</run_address>
         <size>0x60</size>
         <input_file_ref idref="fl-33"/>
      </object_component>
      <object_component id="oc-178">
         <name>.debug_info</name>
         <load_address>0x32b6</load_address>
         <run_address>0x32b6</run_address>
         <size>0x46</size>
         <input_file_ref idref="fl-33"/>
      </object_component>
      <object_component id="oc-12e">
         <name>.debug_info</name>
         <load_address>0x32fc</load_address>
         <run_address>0x32fc</run_address>
         <size>0x39</size>
         <input_file_ref idref="fl-33"/>
      </object_component>
      <object_component id="oc-1a5">
         <name>.debug_info</name>
         <load_address>0x3335</load_address>
         <run_address>0x3335</run_address>
         <size>0x122</size>
         <input_file_ref idref="fl-34"/>
      </object_component>
      <object_component id="oc-135">
         <name>.debug_info</name>
         <load_address>0x3457</load_address>
         <run_address>0x3457</run_address>
         <size>0x181</size>
         <input_file_ref idref="fl-37"/>
      </object_component>
      <object_component id="oc-d0">
         <name>.debug_info</name>
         <load_address>0x35d8</load_address>
         <run_address>0x35d8</run_address>
         <size>0x17a</size>
         <input_file_ref idref="fl-37"/>
      </object_component>
      <object_component id="oc-285">
         <name>.debug_info</name>
         <load_address>0x3752</load_address>
         <run_address>0x3752</run_address>
         <size>0x439</size>
         <input_file_ref idref="fl-38"/>
      </object_component>
      <object_component id="oc-2a6">
         <name>.debug_info</name>
         <load_address>0x3b8b</load_address>
         <run_address>0x3b8b</run_address>
         <size>0x25a</size>
         <input_file_ref idref="fl-38"/>
      </object_component>
      <object_component id="oc-343">
         <name>.debug_info</name>
         <load_address>0x3de5</load_address>
         <run_address>0x3de5</run_address>
         <size>0x1df</size>
         <input_file_ref idref="fl-38"/>
      </object_component>
      <object_component id="oc-349">
         <name>.debug_info</name>
         <load_address>0x3fc4</load_address>
         <run_address>0x3fc4</run_address>
         <size>0x2b3</size>
         <input_file_ref idref="fl-38"/>
      </object_component>
      <object_component id="oc-308">
         <name>.debug_info</name>
         <load_address>0x4277</load_address>
         <run_address>0x4277</run_address>
         <size>0x291</size>
         <input_file_ref idref="fl-38"/>
      </object_component>
      <object_component id="oc-3a9">
         <name>.debug_info</name>
         <load_address>0x4508</load_address>
         <run_address>0x4508</run_address>
         <size>0x3e2</size>
         <input_file_ref idref="fl-38"/>
      </object_component>
      <object_component id="oc-3af">
         <name>.debug_info</name>
         <load_address>0x48ea</load_address>
         <run_address>0x48ea</run_address>
         <size>0x1dc</size>
         <input_file_ref idref="fl-38"/>
      </object_component>
      <object_component id="oc-3b5">
         <name>.debug_info</name>
         <load_address>0x4ac6</load_address>
         <run_address>0x4ac6</run_address>
         <size>0x22d</size>
         <input_file_ref idref="fl-38"/>
      </object_component>
      <object_component id="oc-35c">
         <name>.debug_info</name>
         <load_address>0x4cf3</load_address>
         <run_address>0x4cf3</run_address>
         <size>0x27f</size>
         <input_file_ref idref="fl-38"/>
      </object_component>
      <object_component id="oc-3bc">
         <name>.debug_info</name>
         <load_address>0x4f72</load_address>
         <run_address>0x4f72</run_address>
         <size>0x3fe</size>
         <input_file_ref idref="fl-38"/>
      </object_component>
      <object_component id="oc-3c2">
         <name>.debug_info</name>
         <load_address>0x5370</load_address>
         <run_address>0x5370</run_address>
         <size>0x218</size>
         <input_file_ref idref="fl-38"/>
      </object_component>
      <object_component id="oc-362">
         <name>.debug_info</name>
         <load_address>0x5588</load_address>
         <run_address>0x5588</run_address>
         <size>0x244</size>
         <input_file_ref idref="fl-38"/>
      </object_component>
      <object_component id="oc-368">
         <name>.debug_info</name>
         <load_address>0x57cc</load_address>
         <run_address>0x57cc</run_address>
         <size>0x38b</size>
         <input_file_ref idref="fl-38"/>
      </object_component>
      <object_component id="oc-3dc">
         <name>.debug_info</name>
         <load_address>0x5b57</load_address>
         <run_address>0x5b57</run_address>
         <size>0x470</size>
         <input_file_ref idref="fl-38"/>
      </object_component>
      <object_component id="oc-36e">
         <name>.debug_info</name>
         <load_address>0x5fc7</load_address>
         <run_address>0x5fc7</run_address>
         <size>0x292</size>
         <input_file_ref idref="fl-38"/>
      </object_component>
      <object_component id="oc-30e">
         <name>.debug_info</name>
         <load_address>0x6259</load_address>
         <run_address>0x6259</run_address>
         <size>0x3a7</size>
         <input_file_ref idref="fl-38"/>
      </object_component>
      <object_component id="oc-2ac">
         <name>.debug_info</name>
         <load_address>0x6600</load_address>
         <run_address>0x6600</run_address>
         <size>0x33e</size>
         <input_file_ref idref="fl-38"/>
      </object_component>
      <object_component id="oc-2b2">
         <name>.debug_info</name>
         <load_address>0x693e</load_address>
         <run_address>0x693e</run_address>
         <size>0x299</size>
         <input_file_ref idref="fl-38"/>
      </object_component>
      <object_component id="oc-2b8">
         <name>.debug_info</name>
         <load_address>0x6bd7</load_address>
         <run_address>0x6bd7</run_address>
         <size>0x296</size>
         <input_file_ref idref="fl-38"/>
      </object_component>
      <object_component id="oc-23f">
         <name>.debug_info</name>
         <load_address>0x6e6d</load_address>
         <run_address>0x6e6d</run_address>
         <size>0x38d</size>
         <input_file_ref idref="fl-38"/>
      </object_component>
      <object_component id="oc-286">
         <name>.debug_info</name>
         <load_address>0x71fa</load_address>
         <run_address>0x71fa</run_address>
         <size>0x86</size>
         <input_file_ref idref="fl-38"/>
      </object_component>
      <object_component id="oc-31f">
         <name>.debug_info</name>
         <load_address>0x7280</load_address>
         <run_address>0x7280</run_address>
         <size>0xa1</size>
         <input_file_ref idref="fl-38"/>
      </object_component>
      <object_component id="oc-2e7">
         <name>.debug_info</name>
         <load_address>0x7321</load_address>
         <run_address>0x7321</run_address>
         <size>0x39</size>
         <input_file_ref idref="fl-38"/>
      </object_component>
      <object_component id="oc-3e7">
         <name>.debug_info</name>
         <load_address>0x735a</load_address>
         <run_address>0x735a</run_address>
         <size>0x7a</size>
         <input_file_ref idref="fl-38"/>
      </object_component>
      <object_component id="oc-37c">
         <name>.debug_info</name>
         <load_address>0x73d4</load_address>
         <run_address>0x73d4</run_address>
         <size>0x46</size>
         <input_file_ref idref="fl-38"/>
      </object_component>
      <object_component id="oc-31c">
         <name>.debug_info</name>
         <load_address>0x741a</load_address>
         <run_address>0x741a</run_address>
         <size>0x121</size>
         <input_file_ref idref="fl-39"/>
      </object_component>
      <object_component id="oc-390">
         <name>.debug_info</name>
         <load_address>0x753b</load_address>
         <run_address>0x753b</run_address>
         <size>0x123</size>
         <input_file_ref idref="fl-3a"/>
      </object_component>
      <object_component id="oc-b7">
         <name>.debug_info</name>
         <load_address>0x765e</load_address>
         <run_address>0x765e</run_address>
         <size>0x120</size>
         <input_file_ref idref="fl-3b"/>
      </object_component>
      <object_component id="oc-bc">
         <name>.debug_info</name>
         <load_address>0x777e</load_address>
         <run_address>0x777e</run_address>
         <size>0x120</size>
         <input_file_ref idref="fl-3c"/>
      </object_component>
      <object_component id="oc-26e">
         <name>.debug_info</name>
         <load_address>0x789e</load_address>
         <run_address>0x789e</run_address>
         <size>0x121</size>
         <input_file_ref idref="fl-3d"/>
      </object_component>
      <object_component id="oc-396">
         <name>.debug_info</name>
         <load_address>0x79bf</load_address>
         <run_address>0x79bf</run_address>
         <size>0x193</size>
         <input_file_ref idref="fl-3f"/>
      </object_component>
      <object_component id="oc-3fa">
         <name>.debug_info</name>
         <load_address>0x7b52</load_address>
         <run_address>0x7b52</run_address>
         <size>0x15c</size>
         <input_file_ref idref="fl-40"/>
      </object_component>
      <object_component id="oc-38a">
         <name>.debug_info</name>
         <load_address>0x7cae</load_address>
         <run_address>0x7cae</run_address>
         <size>0x337</size>
         <input_file_ref idref="fl-40"/>
      </object_component>
      <object_component id="oc-375">
         <name>.debug_info</name>
         <load_address>0x7fe5</load_address>
         <run_address>0x7fe5</run_address>
         <size>0x1af</size>
         <input_file_ref idref="fl-41"/>
      </object_component>
      <object_component id="oc-3e2">
         <name>.debug_info</name>
         <load_address>0x8194</load_address>
         <run_address>0x8194</run_address>
         <size>0x94</size>
         <input_file_ref idref="fl-41"/>
      </object_component>
      <object_component id="oc-43c">
         <name>.debug_info</name>
         <load_address>0x8228</load_address>
         <run_address>0x8228</run_address>
         <size>0x1a2</size>
         <input_file_ref idref="fl-42"/>
      </object_component>
      <object_component id="oc-3cf">
         <name>.debug_info</name>
         <load_address>0x83ca</load_address>
         <run_address>0x83ca</run_address>
         <size>0x28a</size>
         <input_file_ref idref="fl-42"/>
      </object_component>
      <object_component id="oc-41d">
         <name>.debug_info</name>
         <load_address>0x8654</load_address>
         <run_address>0x8654</run_address>
         <size>0x171</size>
         <input_file_ref idref="fl-43"/>
      </object_component>
      <object_component id="oc-406">
         <name>.debug_info</name>
         <load_address>0x87c5</load_address>
         <run_address>0x87c5</run_address>
         <size>0x1c0</size>
         <input_file_ref idref="fl-44"/>
      </object_component>
      <object_component id="oc-451">
         <name>.debug_info</name>
         <load_address>0x8985</load_address>
         <run_address>0x8985</run_address>
         <size>0x166</size>
         <input_file_ref idref="fl-45"/>
      </object_component>
      <object_component id="oc-46f">
         <name>.debug_info</name>
         <load_address>0x8aeb</load_address>
         <run_address>0x8aeb</run_address>
         <size>0x16b</size>
         <input_file_ref idref="fl-46"/>
      </object_component>
      <object_component id="oc-411">
         <name>.debug_info</name>
         <load_address>0x8c56</load_address>
         <run_address>0x8c56</run_address>
         <size>0x21b</size>
         <input_file_ref idref="fl-46"/>
      </object_component>
      <object_component id="oc-491">
         <name>.debug_info</name>
         <load_address>0x8e71</load_address>
         <run_address>0x8e71</run_address>
         <size>0x172</size>
         <input_file_ref idref="fl-47"/>
      </object_component>
      <object_component id="oc-437">
         <name>.debug_info</name>
         <load_address>0x8fe3</load_address>
         <run_address>0x8fe3</run_address>
         <size>0x5cf</size>
         <input_file_ref idref="fl-47"/>
      </object_component>
      <object_component id="oc-434">
         <name>.debug_info</name>
         <load_address>0x95b2</load_address>
         <run_address>0x95b2</run_address>
         <size>0x197</size>
         <input_file_ref idref="fl-48"/>
      </object_component>
      <object_component id="oc-3c8">
         <name>.debug_info</name>
         <load_address>0x9749</load_address>
         <run_address>0x9749</run_address>
         <size>0x2d2</size>
         <input_file_ref idref="fl-48"/>
      </object_component>
      <object_component id="oc-356">
         <name>.debug_info</name>
         <load_address>0x9a1b</load_address>
         <run_address>0x9a1b</run_address>
         <size>0x158</size>
         <input_file_ref idref="fl-49"/>
      </object_component>
      <object_component id="oc-417">
         <name>.debug_info</name>
         <load_address>0x9b73</load_address>
         <run_address>0x9b73</run_address>
         <size>0x18d</size>
         <input_file_ref idref="fl-4a"/>
      </object_component>
      <object_component id="oc-468">
         <name>.debug_info</name>
         <load_address>0x9d00</load_address>
         <run_address>0x9d00</run_address>
         <size>0x174</size>
         <input_file_ref idref="fl-4b"/>
      </object_component>
      <object_component id="oc-40d">
         <name>.debug_info</name>
         <load_address>0x9e74</load_address>
         <run_address>0x9e74</run_address>
         <size>0x20e</size>
         <input_file_ref idref="fl-4b"/>
      </object_component>
      <object_component id="oc-32a">
         <name>.debug_info</name>
         <load_address>0xa082</load_address>
         <run_address>0xa082</run_address>
         <size>0x191</size>
         <input_file_ref idref="fl-4c"/>
      </object_component>
      <object_component id="oc-2ee">
         <name>.debug_info</name>
         <load_address>0xa213</load_address>
         <run_address>0xa213</run_address>
         <size>0x190</size>
         <input_file_ref idref="fl-4c"/>
      </object_component>
      <object_component id="oc-385">
         <name>.debug_info</name>
         <load_address>0xa3a3</load_address>
         <run_address>0xa3a3</run_address>
         <size>0xf9</size>
         <input_file_ref idref="fl-4d"/>
      </object_component>
      <object_component id="oc-327">
         <name>.debug_info</name>
         <load_address>0xa49c</load_address>
         <run_address>0xa49c</run_address>
         <size>0x105</size>
         <input_file_ref idref="fl-4d"/>
      </object_component>
      <object_component id="oc-325">
         <name>.debug_info</name>
         <load_address>0xa5a1</load_address>
         <run_address>0xa5a1</run_address>
         <size>0x17f</size>
         <input_file_ref idref="fl-4e"/>
      </object_component>
      <object_component id="oc-2da">
         <name>.debug_info</name>
         <load_address>0xa720</load_address>
         <run_address>0xa720</run_address>
         <size>0x1b8</size>
         <input_file_ref idref="fl-4e"/>
      </object_component>
      <object_component id="oc-318">
         <name>.debug_info</name>
         <load_address>0xa8d8</load_address>
         <run_address>0xa8d8</run_address>
         <size>0x16d</size>
         <input_file_ref idref="fl-4f"/>
      </object_component>
      <object_component id="oc-2ce">
         <name>.debug_info</name>
         <load_address>0xaa45</load_address>
         <run_address>0xaa45</run_address>
         <size>0x275</size>
         <input_file_ref idref="fl-4f"/>
      </object_component>
      <object_component id="oc-4a4">
         <name>.debug_info</name>
         <load_address>0xacba</load_address>
         <run_address>0xacba</run_address>
         <size>0x172</size>
         <input_file_ref idref="fl-50"/>
      </object_component>
      <object_component id="oc-44b">
         <name>.debug_info</name>
         <load_address>0xae2c</load_address>
         <run_address>0xae2c</run_address>
         <size>0x268</size>
         <input_file_ref idref="fl-50"/>
      </object_component>
      <object_component id="oc-2cb">
         <name>.debug_info</name>
         <load_address>0xb094</load_address>
         <run_address>0xb094</run_address>
         <size>0x162</size>
         <input_file_ref idref="fl-51"/>
      </object_component>
      <object_component id="oc-27c">
         <name>.debug_info</name>
         <load_address>0xb1f6</load_address>
         <run_address>0xb1f6</run_address>
         <size>0x230</size>
         <input_file_ref idref="fl-51"/>
      </object_component>
      <object_component id="oc-3a5">
         <name>.debug_info</name>
         <load_address>0xb426</load_address>
         <run_address>0xb426</run_address>
         <size>0x18e</size>
         <input_file_ref idref="fl-52"/>
      </object_component>
      <object_component id="oc-350">
         <name>.debug_info</name>
         <load_address>0xb5b4</load_address>
         <run_address>0xb5b4</run_address>
         <size>0x154</size>
         <input_file_ref idref="fl-52"/>
      </object_component>
      <object_component id="oc-302">
         <name>.debug_info</name>
         <load_address>0xb708</load_address>
         <run_address>0xb708</run_address>
         <size>0xfe</size>
         <input_file_ref idref="fl-53"/>
      </object_component>
      <object_component id="oc-425">
         <name>.debug_info</name>
         <load_address>0xb806</load_address>
         <run_address>0xb806</run_address>
         <size>0x140</size>
         <input_file_ref idref="fl-54"/>
      </object_component>
      <object_component id="oc-33e">
         <name>.debug_info</name>
         <load_address>0xb946</load_address>
         <run_address>0xb946</run_address>
         <size>0x167</size>
         <input_file_ref idref="fl-55"/>
      </object_component>
      <object_component id="oc-2fd">
         <name>.debug_info</name>
         <load_address>0xbaad</load_address>
         <run_address>0xbaad</run_address>
         <size>0x15a</size>
         <input_file_ref idref="fl-55"/>
      </object_component>
      <object_component id="oc-39b">
         <name>.debug_info</name>
         <load_address>0xbc07</load_address>
         <run_address>0xbc07</run_address>
         <size>0x39</size>
         <input_file_ref idref="fl-55"/>
      </object_component>
      <object_component id="oc-339">
         <name>.debug_info</name>
         <load_address>0xbc40</load_address>
         <run_address>0xbc40</run_address>
         <size>0x39</size>
         <input_file_ref idref="fl-55"/>
      </object_component>
      <object_component id="oc-43e">
         <name>.debug_info</name>
         <load_address>0xbc79</load_address>
         <run_address>0xbc79</run_address>
         <size>0x172</size>
         <input_file_ref idref="fl-56"/>
      </object_component>
      <object_component id="oc-3d5">
         <name>.debug_info</name>
         <load_address>0xbdeb</load_address>
         <run_address>0xbdeb</run_address>
         <size>0x1c7</size>
         <input_file_ref idref="fl-56"/>
      </object_component>
      <object_component id="oc-496">
         <name>.debug_info</name>
         <load_address>0xbfb2</load_address>
         <run_address>0xbfb2</run_address>
         <size>0x46</size>
         <input_file_ref idref="fl-56"/>
      </object_component>
      <object_component id="oc-43f">
         <name>.debug_info</name>
         <load_address>0xbff8</load_address>
         <run_address>0xbff8</run_address>
         <size>0x2c</size>
         <input_file_ref idref="fl-56"/>
      </object_component>
      <object_component id="oc-4a2">
         <name>.debug_info</name>
         <load_address>0xc024</load_address>
         <run_address>0xc024</run_address>
         <size>0x1b0</size>
         <input_file_ref idref="fl-57"/>
      </object_component>
      <object_component id="oc-445">
         <name>.debug_info</name>
         <load_address>0xc1d4</load_address>
         <run_address>0xc1d4</run_address>
         <size>0x23b</size>
         <input_file_ref idref="fl-57"/>
      </object_component>
      <object_component id="oc-3ff">
         <name>.debug_info</name>
         <load_address>0xc40f</load_address>
         <run_address>0xc40f</run_address>
         <size>0x120</size>
         <input_file_ref idref="fl-58"/>
      </object_component>
      <object_component id="oc-48d">
         <name>.debug_info</name>
         <load_address>0xc52f</load_address>
         <run_address>0xc52f</run_address>
         <size>0x126</size>
         <input_file_ref idref="fl-59"/>
      </object_component>
      <object_component id="oc-463">
         <name>.debug_info</name>
         <load_address>0xc655</load_address>
         <run_address>0xc655</run_address>
[...]
         <name>__mspabi_srli_7</name>
         <value>0xf718</value>
         <object_component_ref idref="oc-ba"/>
      </symbol>
      <symbol id="sm-414">
         <name>__mspabi_srli_4</name>
         <value>0xf724</value>
         <object_component_ref idref="oc-ba"/>
      </symbol>
      <symbol id="sm-415">
         <name>__mspabi_srli_5</name>
         <value>0xf720</value>
         <object_component_ref idref="oc-ba"/>
      </symbol>
      <symbol id="sm-416">
         <name>__mspabi_srli_2</name>
         <value>0xf72c</value>
         <object_component_ref idref="oc-ba"/>
      </symbol>
      <symbol id="sm-417">
         <name>__mspabi_srli_3</name>
         <value>0xf728</value>
         <object_component_ref idref="oc-ba"/>
      </symbol>
      <symbol id="sm-418">
         <name>__mspabi_srli_1</name>
         <value>0xf730</value>
         <object_component_ref idref="oc-ba"/>
      </symbol>
      <symbol id="sm-419">
         <name>__mspabi_srli</name>
         <value>0xf6ea</value>
         <object_component_ref idref="oc-ba"/>
      </symbol>
      <symbol id="sm-41a">
         <name>__mspabi_srli_15</name>
         <value>0xf6f8</value>
         <object_component_ref idref="oc-ba"/>
      </symbol>
      <symbol id="sm-41b">
         <name>__mspabi_srli_14</name>
         <value>0xf6fc</value>
         <object_component_ref idref="oc-ba"/>
      </symbol>
      <symbol id="sm-41c">
         <name>__mspabi_srli_13</name>
         <value>0xf700</value>
         <object_component_ref idref="oc-ba"/>
      </symbol>
      <symbol id="sm-41d">
         <name>__mspabi_srli_12</name>
         <value>0xf704</value>
         <object_component_ref idref="oc-ba"/>
      </symbol>
      <symbol id="sm-41e">
         <name>__mspabi_srli_11</name>
         <value>0xf708</value>
         <object_component_ref idref="oc-ba"/>
      </symbol>
      <symbol id="sm-41f">
         <name>__mspabi_srli_10</name>
         <value>0xf70c</value>
         <object_component_ref idref="oc-ba"/>
      </symbol>
      <symbol id="sm-429">
         <name>__mspabi_mpyi_sw</name>
         <value>0xfba4</value>
         <object_component_ref idref="oc-26c"/>
      </symbol>
      <symbol id="sm-42a">
         <name>__mspabi_mpyi</name>
         <value>0xfba4</value>
         <object_component_ref idref="oc-26c"/>
      </symbol>
      <symbol id="sm-438">
         <name>__mspabi_srlll</name>
         <value>0xf780</value>
         <object_component_ref idref="oc-394"/>
      </symbol>
      <symbol id="sm-46b">
         <name>__mspabi_divull</name>
         <value>0xcbae</value>
         <object_component_ref idref="oc-389"/>
      </symbol>
      <symbol id="sm-48a">
         <name>__mspabi_cmpd</name>
         <value>0xee7c</value>
         <object_component_ref idref="oc-372"/>
      </symbol>
      <symbol id="sm-4ab">
         <name>__mspabi_divd</name>
         <value>0xdb5a</value>
         <object_component_ref idref="oc-3cd"/>
      </symbol>
      <symbol id="sm-4b8">
         <name>__mspabi_fixdi</name>
         <value>0xfa4c</value>
         <object_component_ref idref="oc-41c"/>
      </symbol>
      <symbol id="sm-4c7">
         <name>__mspabi_fixdli</name>
         <value>0xf4be</value>
         <object_component_ref idref="oc-404"/>
      </symbol>
      <symbol id="sm-4d0">
         <name>__mspabi_fltid</name>
         <value>0xfc52</value>
         <object_component_ref idref="oc-450"/>
      </symbol>
      <symbol id="sm-4e7">
         <name>__mspabi_fltlid</name>
         <value>0xf178</value>
         <object_component_ref idref="oc-410"/>
      </symbol>
      <symbol id="sm-502">
         <name>__TI_frcdivd</name>
         <value>0xc736</value>
         <object_component_ref idref="oc-435"/>
      </symbol>
      <symbol id="sm-528">
         <name>__mspabi_mpyd</name>
         <value>0xcf0e</value>
         <object_component_ref idref="oc-3c7"/>
      </symbol>
      <symbol id="sm-531">
         <name>__mspabi_negd</name>
         <value>0xfa22</value>
         <object_component_ref idref="oc-354"/>
      </symbol>
      <symbol id="sm-53a">
         <name>__mspabi_subd</name>
         <value>0xf940</value>
         <object_component_ref idref="oc-416"/>
      </symbol>
      <symbol id="sm-549">
         <name>__TI_ltoa</name>
         <value>0xf344</value>
         <object_component_ref idref="oc-40a"/>
      </symbol>
      <symbol id="sm-55c">
         <name>atoi</name>
         <value>0xf64a</value>
         <object_component_ref idref="oc-2ec"/>
      </symbol>
      <symbol id="sm-566">
         <name>_ctypes_</name>
         <value>0xfc9c</value>
         <object_component_ref idref="oc-326"/>
      </symbol>
      <symbol id="sm-575">
         <name>memccpy</name>
         <value>0xfabc</value>
         <object_component_ref idref="oc-2d9"/>
      </symbol>
      <symbol id="sm-583">
         <name>memset</name>
         <value>0xfb90</value>
         <object_component_ref idref="oc-2cc"/>
      </symbol>
      <symbol id="sm-592">
         <name>strchr</name>
         <value>0xfb4c</value>
         <object_component_ref idref="oc-44a"/>
      </symbol>
      <symbol id="sm-59f">
         <name>strlen</name>
         <value>0xfc44</value>
         <object_component_ref idref="oc-278"/>
      </symbol>
      <symbol id="sm-5ac">
         <name>toupper</name>
         <value>0xfc6a</value>
         <object_component_ref idref="oc-34e"/>
      </symbol>
      <symbol id="sm-5b3">
         <name>errno</name>
         <value>0x212</value>
         <object_component_ref idref="oc-301"/>
      </symbol>
      <symbol id="sm-5bd">
         <name>abs</name>
         <value>0xfc76</value>
         <object_component_ref idref="oc-423"/>
      </symbol>
      <symbol id="sm-5d5">
         <name>wcslen</name>
         <value>0xfbb8</value>
         <object_component_ref idref="oc-2fb"/>
      </symbol>
      <symbol id="sm-5f1">
         <name>frexpl</name>
         <value>0xf01c</value>
         <object_component_ref idref="oc-3d4"/>
      </symbol>
      <symbol id="sm-5f2">
         <name>frexp</name>
         <value>0xf01c</value>
         <object_component_ref idref="oc-3d4"/>
      </symbol>
      <symbol id="sm-60a">
         <name>scalbn</name>
         <value>0xe7ac</value>
         <object_component_ref idref="oc-444"/>
      </symbol>
      <symbol id="sm-60b">
         <name>scalbnl</name>
         <value>0xe7ac</value>
         <object_component_ref idref="oc-444"/>
      </symbol>
      <symbol id="sm-60c">
         <name>ldexpl</name>
         <value>0xe7ac</value>
         <object_component_ref idref="oc-444"/>
      </symbol>
      <symbol id="sm-60d">
         <name>ldexp</name>
         <value>0xe7ac</value>
         <object_component_ref idref="oc-444"/>
      </symbol>
      <symbol id="sm-615">
         <name>__mspabi_srai</name>
         <value>0xf9ca</value>
         <object_component_ref idref="oc-3fc"/>
      </symbol>
      <symbol id="sm-616">
         <name>__mspabi_srai_8</name>
         <value>0xf9e4</value>
         <object_component_ref idref="oc-3fc"/>
      </symbol>
      <symbol id="sm-617">
         <name>__mspabi_srai_9</name>
         <value>0xf9e2</value>
         <object_component_ref idref="oc-3fc"/>
      </symbol>
      <symbol id="sm-618">
         <name>__mspabi_srai_6</name>
         <value>0xf9e8</value>
         <object_component_ref idref="oc-3fc"/>
      </symbol>
      <symbol id="sm-619">
         <name>__mspabi_srai_7</name>
         <value>0xf9e6</value>
         <object_component_ref idref="oc-3fc"/>
      </symbol>
      <symbol id="sm-61a">
         <name>__mspabi_srai_4</name>
         <value>0xf9ec</value>
         <object_component_ref idref="oc-3fc"/>
      </symbol>
      <symbol id="sm-61b">
         <name>__mspabi_srai_5</name>
         <value>0xf9ea</value>
         <object_component_ref idref="oc-3fc"/>
      </symbol>
      <symbol id="sm-61c">
         <name>__mspabi_srai_2</name>
         <value>0xf9f0</value>
         <object_component_ref idref="oc-3fc"/>
      </symbol>
      <symbol id="sm-61d">
         <name>__mspabi_srai_3</name>
         <value>0xf9ee</value>
         <object_component_ref idref="oc-3fc"/>
      </symbol>
      <symbol id="sm-61e">
         <name>__mspabi_srai_1</name>
         <value>0xf9f2</value>
         <object_component_ref idref="oc-3fc"/>
      </symbol>
      <symbol id="sm-61f">
         <name>__mspabi_srai_15</name>
         <value>0xf9d6</value>
         <object_component_ref idref="oc-3fc"/>
      </symbol>
      <symbol id="sm-620">
         <name>__mspabi_srai_14</name>
         <value>0xf9d8</value>
         <object_component_ref idref="oc-3fc"/>
      </symbol>
      <symbol id="sm-621">
         <name>__mspabi_srai_13</name>
         <value>0xf9da</value>
         <object_component_ref idref="oc-3fc"/>
      </symbol>
      <symbol id="sm-622">
         <name>__mspabi_srai_12</name>
         <value>0xf9dc</value>
         <object_component_ref idref="oc-3fc"/>
      </symbol>
      <symbol id="sm-623">
         <name>__mspabi_srai_11</name>
         <value>0xf9de</value>
         <object_component_ref idref="oc-3fc"/>
      </symbol>
      <symbol id="sm-624">
         <name>__mspabi_srai_10</name>
         <value>0xf9e0</value>
         <object_component_ref idref="oc-3fc"/>
      </symbol>
      <symbol id="sm-62c">
         <name>__mspabi_sral_15</name>
         <value>0xf88c</value>
         <object_component_ref idref="oc-48b"/>
      </symbol>
      <symbol id="sm-62d">
         <name>__mspabi_sral_14</name>
         <value>0xf890</value>
         <object_component_ref idref="oc-48b"/>
      </symbol>
      <symbol id="sm-62e">
         <name>__mspabi_sral_13</name>
         <value>0xf894</value>
         <object_component_ref idref="oc-48b"/>
      </symbol>
      <symbol id="sm-62f">
         <name>__mspabi_sral_12</name>
         <value>0xf898</value>
         <object_component_ref idref="oc-48b"/>
      </symbol>
      <symbol id="sm-630">
         <name>__mspabi_sral_11</name>
         <value>0xf89c</value>
         <object_component_ref idref="oc-48b"/>
      </symbol>
      <symbol id="sm-631">
         <name>__mspabi_sral_10</name>
         <value>0xf8a0</value>
         <object_component_ref idref="oc-48b"/>
      </symbol>
      <symbol id="sm-632">
         <name>__mspabi_sral_8</name>
         <value>0xf8a8</value>
         <object_component_ref idref="oc-48b"/>
      </symbol>
      <symbol id="sm-633">
         <name>__mspabi_sral_9</name>
         <value>0xf8a4</value>
         <object_component_ref idref="oc-48b"/>
      </symbol>
      <symbol id="sm-634">
         <name>__mspabi_sral_6</name>
         <value>0xf8b0</value>
         <object_component_ref idref="oc-48b"/>
      </symbol>
      <symbol id="sm-635">
         <name>__mspabi_sral_7</name>
         <value>0xf8ac</value>
         <object_component_ref idref="oc-48b"/>
      </symbol>
      <symbol id="sm-636">
         <name>__mspabi_sral_4</name>
         <value>0xf8b8</value>
         <object_component_ref idref="oc-48b"/>
      </symbol>
      <symbol id="sm-637">
         <name>__mspabi_sral_5</name>
         <value>0xf8b4</value>
         <object_component_ref idref="oc-48b"/>
      </symbol>
      <symbol id="sm-638">
         <name>__mspabi_sral_2</name>
         <value>0xf8c0</value>
         <object_component_ref idref="oc-48b"/>
      </symbol>
      <symbol id="sm-639">
         <name>__mspabi_sral_3</name>
         <value>0xf8bc</value>
         <object_component_ref idref="oc-48b"/>
      </symbol>
      <symbol id="sm-63a">
         <name>__mspabi_sral_1</name>
         <value>0xf8c4</value>
         <object_component_ref idref="oc-48b"/>
      </symbol>
      <symbol id="sm-646">
         <name>__mspabi_remli</name>
         <value>0xf84c</value>
         <object_component_ref idref="oc-462"/>
      </symbol>
      <symbol id="sm-647">
         <name>__mspabi_divli</name>
         <value>0xf84c</value>
         <object_component_ref idref="oc-462"/>
      </symbol>
      <symbol id="sm-64f">
         <name>__mspabi_slll_9</name>
         <value>0xf8e2</value>
         <object_component_ref idref="oc-45c"/>
      </symbol>
      <symbol id="sm-650">
         <name>__mspabi_slll_8</name>
         <value>0xf8e6</value>
         <object_component_ref idref="oc-45c"/>
      </symbol>
      <symbol id="sm-651">
         <name>__mspabi_slll_7</name>
         <value>0xf8ea</value>
         <object_component_ref idref="oc-45c"/>
      </symbol>
      <symbol id="sm-652">
         <name>__mspabi_slll_6</name>
         <value>0xf8ee</value>
         <object_component_ref idref="oc-45c"/>
      </symbol>
      <symbol id="sm-653">
         <name>__mspabi_slll_5</name>
         <value>0xf8f2</value>
         <object_component_ref idref="oc-45c"/>
      </symbol>
      <symbol id="sm-654">
         <name>__mspabi_slll_4</name>
         <value>0xf8f6</value>
         <object_component_ref idref="oc-45c"/>
      </symbol>
      <symbol id="sm-655">
         <name>__mspabi_slll_3</name>
         <value>0xf8fa</value>
         <object_component_ref idref="oc-45c"/>
      </symbol>
      <symbol id="sm-656">
         <name>__mspabi_slll_2</name>
         <value>0xf8fe</value>
         <object_component_ref idref="oc-45c"/>
      </symbol>
      <symbol id="sm-657">
         <name>__mspabi_slll_1</name>
         <value>0xf902</value>
         <object_component_ref idref="oc-45c"/>
      </symbol>
      <symbol id="sm-658">
         <name>__mspabi_slll_15</name>
         <value>0xf8ca</value>
         <object_component_ref idref="oc-45c"/>
      </symbol>
      <symbol id="sm-659">
         <name>__mspabi_slll_14</name>
         <value>0xf8ce</value>
         <object_component_ref idref="oc-45c"/>
      </symbol>
      <symbol id="sm-65a">
         <name>__mspabi_slll_13</name>
         <value>0xf8d2</value>
         <object_component_ref idref="oc-45c"/>
      </symbol>
      <symbol id="sm-65b">
         <name>__mspabi_slll_12</name>
         <value>0xf8d6</value>
         <object_component_ref idref="oc-45c"/>
      </symbol>
      <symbol id="sm-65c">
         <name>__mspabi_slll_11</name>
         <value>0xf8da</value>
         <object_component_ref idref="oc-45c"/>
      </symbol>
      <symbol id="sm-65d">
         <name>__mspabi_slll_10</name>
         <value>0xf8de</value>
         <object_component_ref idref="oc-45c"/>
      </symbol>
      <symbol id="sm-66d">
         <name>__mspabi_srll_8</name>
         <value>0xf5c0</value>
         <object_component_ref idref="oc-469"/>
      </symbol>
      <symbol id="sm-66e">
         <name>__mspabi_srll_9</name>
         <value>0xf5ba</value>
         <object_component_ref idref="oc-469"/>
      </symbol>
      <symbol id="sm-66f">
         <name>__mspabi_srll_6</name>
         <value>0xf5cc</value>
         <object_component_ref idref="oc-469"/>
      </symbol>
      <symbol id="sm-670">
         <name>__mspabi_srll_7</name>
         <value>0xf5c6</value>
         <object_component_ref idref="oc-469"/>
      </symbol>
      <symbol id="sm-671">
         <name>__mspabi_srll_4</name>
         <value>0xf5d8</value>
         <object_component_ref idref="oc-469"/>
      </symbol>
      <symbol id="sm-672">
         <name>__mspabi_srll_5</name>
         <value>0xf5d2</value>
         <object_component_ref idref="oc-469"/>
      </symbol>
      <symbol id="sm-673">
         <name>__mspabi_srll_2</name>
         <value>0xf5e4</value>
         <object_component_ref idref="oc-469"/>
      </symbol>
      <symbol id="sm-674">
         <name>__mspabi_srll_3</name>
         <value>0xf5de</value>
         <object_component_ref idref="oc-469"/>
      </symbol>
      <symbol id="sm-675">
         <name>__mspabi_srll_1</name>
         <value>0xf5ea</value>
         <object_component_ref idref="oc-469"/>
      </symbol>
      <symbol id="sm-676">
         <name>__mspabi_srll_15</name>
         <value>0xf596</value>
         <object_component_ref idref="oc-469"/>
      </symbol>
      <symbol id="sm-677">
         <name>__mspabi_srll_14</name>
         <value>0xf59c</value>
         <object_component_ref idref="oc-469"/>
      </symbol>
      <symbol id="sm-678">
         <name>__mspabi_srll_13</name>
         <value>0xf5a2</value>
         <object_component_ref idref="oc-469"/>
      </symbol>
      <symbol id="sm-679">
         <name>__mspabi_srll_12</name>
         <value>0xf5a8</value>
         <object_component_ref idref="oc-469"/>
      </symbol>
      <symbol id="sm-67a">
         <name>__mspabi_srll_11</name>
         <value>0xf5ae</value>
         <object_component_ref idref="oc-469"/>
      </symbol>
      <symbol id="sm-67b">
         <name>__mspabi_srll_10</name>
         <value>0xf5b4</value>
         <object_component_ref idref="oc-469"/>
      </symbol>
      <symbol id="sm-67c">
         <name>__mspabi_srll</name>
         <value>0xfbf0</value>
         <object_component_ref idref="oc-3f4"/>
      </symbol>
      <symbol id="sm-686">
         <name>__mspabi_mpyl_sw</name>
         <value>0xfa74</value>
         <object_component_ref idref="oc-486"/>
      </symbol>
      <symbol id="sm-687">
         <name>__mspabi_mpyl</name>
         <value>0xfa74</value>
         <object_component_ref idref="oc-486"/>
      </symbol>
      <symbol id="sm-694">
         <name>__mspabi_sllll</name>
         <value>0xf7c6</value>
         <object_component_ref idref="oc-3ee"/>
      </symbol>
      <symbol id="sm-6ce">
         <name>__mspabi_addd</name>
         <value>0xc000</value>
         <object_component_ref idref="oc-470"/>
      </symbol>
      <symbol id="sm-6d9">
         <name>__TI_frcmpyd</name>
         <value>0xe63a</value>
         <object_component_ref idref="oc-42d"/>
      </symbol>
      <symbol id="sm-6e2">
         <name>copysign</name>
         <value>0xf96e</value>
         <object_component_ref idref="oc-49b"/>
      </symbol>
      <symbol id="sm-6e3">
         <name>copysignl</name>
         <value>0xf96e</value>
         <object_component_ref idref="oc-49b"/>
      </symbol>
      <symbol id="sm-6eb">
         <name>__mspabi_mpyull_sw</name>
         <value>0xfade</value>
         <object_component_ref idref="oc-47e"/>
      </symbol>
      <symbol id="sm-6ec">
         <name>__mspabi_mpyull</name>
         <value>0xfade</value>
         <object_component_ref idref="oc-47e"/>
      </symbol>
      <symbol id="sm-6f4">
         <name>__mspabi_mpyll</name>
         <value>0xeb90</value>
         <object_component_ref idref="oc-479"/>
      </symbol>
      <symbol id="sm-6f5">
         <name>__mspabi_mpyll_sw</name>
         <value>0xeb90</value>
         <object_component_ref idref="oc-479"/>
      </symbol>
      <symbol id="sm-702">
         <name>__mspabi_srall</name>
         <value>0xf736</value>
         <object_component_ref idref="oc-4ad"/>
      </symbol>
      <symbol id="sm-70d">
         <name>__mspabi_mpyul_sw</name>
         <value>0xfa9a</value>
         <object_component_ref idref="oc-4b5"/>
      </symbol>
      <symbol id="sm-70e">
         <name>__mspabi_mpyul</name>
         <value>0xfa9a</value>
         <object_component_ref idref="oc-4b5"/>
      </symbol>
   </symbol_table>
   <title>Link successful</title>
</link_info>
